ARM Linker, 4.1 [Build 481] [Standard]

==============================================================================

Section Cross References

    app.o(.text) refers to os_time.o(.text) for OSTimeDlyHMSM
    app.o(.text) refers to gui_touch_driveranalog.o(.text) for GUI_TOUCH_Exec
    app.o(.text) refers to guicore.o(.text) for GUI_Init
    app.o(.text) refers to fun.o(.text) for Fun
    app.o(.text) refers to os_task.o(.text) for OSTaskCreateExt
    app.o(.text) refers to bsp.o(.text) for OS_CPU_SysTickInit
    app.o(.text) refers to stm32f10x_gpio.o(.text) for GPIO_SetBits
    app.o(.text) refers to cpu_a.o(.text) for CPU_IntDis
    app.o(.text) refers to os_core.o(.text) for OSInit
    app.o(.text) refers to app.o(.bss) for AppTaskUserIFStk
    stm32f10x_it.o(.text) refers to os_cpu_a.o(.text) for OS_CPU_SR_Save
    stm32f10x_it.o(.text) refers to os_core.o(.text) for OSTimeTick
    stm32f10x_it.o(.text) refers to stm32f10x_exti.o(.text) for EXTI_GetITStatus
    stm32f10x_it.o(.text) refers to stm32f10x_gpio.o(.text) for GPIO_ReadInputDataBit
    stm32f10x_it.o(.text) refers to nrf24l01.o(.text) for SPI_Read
    stm32f10x_it.o(.text) refers to rt_memcpy_v6.o(.text) for __aeabi_memcpy
    stm32f10x_it.o(.text) refers to os_core.o(.data) for OSIntNesting
    stm32f10x_it.o(.text) refers to nrf24l01.o(.bss) for rx_buf
    stm32f10x_it.o(.text) refers to nrf24l01.o(.data) for nrf_Pipe_r
    fun.o(.text) refers to wm_getid.o(.text) for WM_GetId
    fun.o(.text) refers to rt_memcpy_v6.o(.text) for __aeabi_memcpy
    fun.o(.text) refers to text_settext.o(.text) for TEXT_SetText
    fun.o(.text) refers to edit.o(.text) for EDIT_SetText
    fun.o(.text) refers to nrf24l01.o(.text) for NRF24L01_TXBUF
    fun.o(.text) refers to strcat.o(.text) for strcat
    fun.o(.text) refers to nrf24l01.o(.bss) for status_buf
    fun.o(.text) refers to fun.o(.data) for text3
    fun.o(.text) refers to wm.o(.text) for WM_DefaultProc
    fun.o(.text) refers to guicurs.o(.text) for GUI_CURSOR_Show
    fun.o(.text) refers to dialog.o(.text) for GUI_CreateDialogBox
    fun.o(.text) refers to framewin_setfont.o(.text) for FRAMEWIN_SetFont
    fun.o(.text) refers to framewin_setcolors.o(.text) for FRAMEWIN_SetClientColor
    fun.o(.text) refers to wm_getdialogitem.o(.text) for WM_GetDialogItem
    fun.o(.text) refers to text_setfont.o(.text) for TEXT_SetFont
    fun.o(.text) refers to text_settextcolor.o(.text) for TEXT_SetTextColor
    fun.o(.text) refers to fun.o(.constdata) for aDialogCreate
    fun.o(.text) refers to fcomic18b_1.o(.constdata) for GUI_FontComic18B_1
    fun.o(.text) refers to button.o(.text) for BUTTON_SetFont
    fun.o(.text) refers to fun.o(.bss) for bt
    fun.o(.text) refers to nrf24l01.o(.data) for nrf_Pipe
    fun.o(.constdata) refers to framewin_createindirect.o(.text) for FRAMEWIN_CreateIndirect
    fun.o(.constdata) refers to fun.o(.conststring) for .conststring
    fun.o(.constdata) refers to button_createindirect.o(.text) for BUTTON_CreateIndirect
    fun.o(.constdata) refers to edit_createindirect.o(.text) for EDIT_CreateIndirect
    fun.o(.constdata) refers to text_createindirect.o(.text) for TEXT_CreateIndirect
    fun.o(.data) refers to f8x13_1.o(.constdata) for GUI_Font8x13_1
    fun.o(.data) refers to fcomic18b_1.o(.constdata) for GUI_FontComic18B_1
    bsp.o(.text) refers to system_stm32f10x.o(.text) for SystemInit
    bsp.o(.text) refers to stm32f10x_rcc.o(.text) for RCC_APB2PeriphClockCmd
    bsp.o(.text) refers to stm32f10x_gpio.o(.text) for GPIO_Init
    bsp.o(.text) refers to misc.o(.text) for NVIC_PriorityGroupConfig
    bsp.o(.text) refers to stm32f10x_exti.o(.text) for EXTI_Init
    bsp.o(.text) refers to nrf24l01.o(.text) for SPI2_NRF24L01_Init
    bsp.o(.text) refers to lcd_touch.o(.text) for tp_Config
    bsp.o(.text) refers to fsmc_sram.o(.text) for FSMC_LCD_Init
    bsp.o(.text) refers to nrf24l01.o(.data) for TX_ADDRESS0
    nrf24l01.o(.text) refers to stm32f10x_gpio.o(.text) for GPIO_SetBits
    nrf24l01.o(.text) refers to stm32f10x_rcc.o(.text) for RCC_APB1PeriphClockCmd
    nrf24l01.o(.text) refers to stm32f10x_spi.o(.text) for SPI_Init
    nrf24l01.o(.text) refers to nrf24l01.o(.data) for TX_ADDRESS0
    fsmc_sram.o(.text) refers to stm32f10x_rcc.o(.text) for RCC_AHBPeriphClockCmd
    fsmc_sram.o(.text) refers to stm32f10x_gpio.o(.text) for GPIO_Init
    fsmc_sram.o(.text) refers to stm32f10x_fsmc.o(.text) for FSMC_NORSRAMInit
    lcdrv.o(.text) refers to stm32f10x_gpio.o(.text) for GPIO_ResetBits
    lcd.o(.text) refers to lcdrv.o(.text) for lcd_Init
    lcd.o(.text) refers to lcd.o(.constdata) for ascii_8x16
    lcd_ucgui.o(.text) refers to lcd.o(.text) for lcd_Initializtion
    lcd_ucgui.o(.text) refers to lcd_api.o(.text) for GUI_Line
    lcd_ucgui.o(.text) refers to guicore.o(.bss) for GUI_Context
    lcd_api.o(.text) refers to lcd.o(.text) for lcd_PutChar
    lcd_touch.o(.text) refers to stm32f10x_rcc.o(.text) for RCC_APB2PeriphClockCmd
[...]
    0x0800eb34   0x00000024   Data   RO         1118    .constdata          uCGUI_DEMO.lib(fcomic18b_1.o)(uCGUI_DEMO.lib)
    0x0800eb58   0x00000024   Data   RO         1119    .constdata          uCGUI_DEMO.lib(fcomic18b_1.o)(uCGUI_DEMO.lib)
    0x0800eb7c   0x00000024   Data   RO         1120    .constdata          uCGUI_DEMO.lib(fcomic18b_1.o)(uCGUI_DEMO.lib)
    0x0800eba0   0x00000024   Data   RO         1121    .constdata          uCGUI_DEMO.lib(fcomic18b_1.o)(uCGUI_DEMO.lib)
    0x0800ebc4   0x00000024   Data   RO         1122    .constdata          uCGUI_DEMO.lib(fcomic18b_1.o)(uCGUI_DEMO.lib)
    0x0800ebe8   0x00000024   Data   RO         1123    .constdata          uCGUI_DEMO.lib(fcomic18b_1.o)(uCGUI_DEMO.lib)
    0x0800ec0c   0x00000024   Data   RO         1124    .constdata          uCGUI_DEMO.lib(fcomic18b_1.o)(uCGUI_DEMO.lib)
    0x0800ec30   0x00000024   Data   RO         1125    .constdata          uCGUI_DEMO.lib(fcomic18b_1.o)(uCGUI_DEMO.lib)
    0x0800ec54   0x00000024   Data   RO         1126    .constdata          uCGUI_DEMO.lib(fcomic18b_1.o)(uCGUI_DEMO.lib)
    0x0800ec78   0x00000012   Data   RO         1127    .constdata          uCGUI_DEMO.lib(fcomic18b_1.o)(uCGUI_DEMO.lib)
    0x0800ec8a   0x00000024   Data   RO         1128    .constdata          uCGUI_DEMO.lib(fcomic18b_1.o)(uCGUI_DEMO.lib)
    0x0800ecae   0x00000024   Data   RO         1129    .constdata          uCGUI_DEMO.lib(fcomic18b_1.o)(uCGUI_DEMO.lib)
    0x0800ecd2   0x00000024   Data   RO         1130    .constdata          uCGUI_DEMO.lib(fcomic18b_1.o)(uCGUI_DEMO.lib)
    0x0800ecf6   0x00000024   Data   RO         1131    .constdata          uCGUI_DEMO.lib(fcomic18b_1.o)(uCGUI_DEMO.lib)
    0x0800ed1a   0x00000024   Data   RO         1132    .constdata          uCGUI_DEMO.lib(fcomic18b_1.o)(uCGUI_DEMO.lib)
    0x0800ed3e   0x00000024   Data   RO         1133    .constdata          uCGUI_DEMO.lib(fcomic18b_1.o)(uCGUI_DEMO.lib)
    0x0800ed62   0x00000012   Data   RO         1134    .constdata          uCGUI_DEMO.lib(fcomic18b_1.o)(uCGUI_DEMO.lib)
    0x0800ed74   0x00000012   Data   RO         1135    .constdata          uCGUI_DEMO.lib(fcomic18b_1.o)(uCGUI_DEMO.lib)
    0x0800ed86   0x00000012   Data   RO         1136    .constdata          uCGUI_DEMO.lib(fcomic18b_1.o)(uCGUI_DEMO.lib)
    0x0800ed98   0x00000012   Data   RO         1137    .constdata          uCGUI_DEMO.lib(fcomic18b_1.o)(uCGUI_DEMO.lib)
    0x0800edaa   0x00000012   Data   RO         1138    .constdata          uCGUI_DEMO.lib(fcomic18b_1.o)(uCGUI_DEMO.lib)
    0x0800edbc   0x00000012   Data   RO         1139    .constdata          uCGUI_DEMO.lib(fcomic18b_1.o)(uCGUI_DEMO.lib)
    0x0800edce   0x00000012   Data   RO         1140    .constdata          uCGUI_DEMO.lib(fcomic18b_1.o)(uCGUI_DEMO.lib)
    0x0800ede0   0x00000012   Data   RO         1141    .constdata          uCGUI_DEMO.lib(fcomic18b_1.o)(uCGUI_DEMO.lib)
    0x0800edf2   0x00000024   Data   RO         1142    .constdata          uCGUI_DEMO.lib(fcomic18b_1.o)(uCGUI_DEMO.lib)
    0x0800ee16   0x00000012   Data   RO         1143    .constdata          uCGUI_DEMO.lib(fcomic18b_1.o)(uCGUI_DEMO.lib)
    0x0800ee28   0x00000012   Data   RO         1144    .constdata          uCGUI_DEMO.lib(fcomic18b_1.o)(uCGUI_DEMO.lib)
    0x0800ee3a   0x00000012   Data   RO         1145    .constdata          uCGUI_DEMO.lib(fcomic18b_1.o)(uCGUI_DEMO.lib)
    0x0800ee4c   0x00000012   Data   RO         1146    .constdata          uCGUI_DEMO.lib(fcomic18b_1.o)(uCGUI_DEMO.lib)
    0x0800ee5e   0x00000012   Data   RO         1147    .constdata          uCGUI_DEMO.lib(fcomic18b_1.o)(uCGUI_DEMO.lib)
    0x0800ee70   0x00000012   Data   RO         1148    .constdata          uCGUI_DEMO.lib(fcomic18b_1.o)(uCGUI_DEMO.lib)
    0x0800ee82   0x00000012   Data   RO         1149    .constdata          uCGUI_DEMO.lib(fcomic18b_1.o)(uCGUI_DEMO.lib)
    0x0800ee94   0x00000012   Data   RO         1150    .constdata          uCGUI_DEMO.lib(fcomic18b_1.o)(uCGUI_DEMO.lib)
    0x0800eea6   0x00000012   Data   RO         1151    .constdata          uCGUI_DEMO.lib(fcomic18b_1.o)(uCGUI_DEMO.lib)
    0x0800eeb8   0x00000012   Data   RO         1152    .constdata          uCGUI_DEMO.lib(fcomic18b_1.o)(uCGUI_DEMO.lib)
    0x0800eeca   0x00000012   Data   RO         1153    .constdata          uCGUI_DEMO.lib(fcomic18b_1.o)(uCGUI_DEMO.lib)
    0x0800eedc   0x00000012   Data   RO         1154    .constdata          uCGUI_DEMO.lib(fcomic18b_1.o)(uCGUI_DEMO.lib)
    0x0800eeee   0x00000012   Data   RO         1155    .constdata          uCGUI_DEMO.lib(fcomic18b_1.o)(uCGUI_DEMO.lib)
    0x0800ef00   0x00000012   Data   RO         1156    .constdata          uCGUI_DEMO.lib(fcomic18b_1.o)(uCGUI_DEMO.lib)
    0x0800ef12   0x00000012   Data   RO         1157    .constdata          uCGUI_DEMO.lib(fcomic18b_1.o)(uCGUI_DEMO.lib)
    0x0800ef24   0x00000012   Data   RO         1158    .constdata          uCGUI_DEMO.lib(fcomic18b_1.o)(uCGUI_DEMO.lib)
    0x0800ef36   0x00000024   Data   RO         1159    .constdata          uCGUI_DEMO.lib(fcomic18b_1.o)(uCGUI_DEMO.lib)
    0x0800ef5a   0x00000012   Data   RO         1160    .constdata          uCGUI_DEMO.lib(fcomic18b_1.o)(uCGUI_DEMO.lib)
    0x0800ef6c   0x00000012   Data   RO         1161    .constdata          uCGUI_DEMO.lib(fcomic18b_1.o)(uCGUI_DEMO.lib)
    0x0800ef7e   0x00000012   Data   RO         1162    .constdata          uCGUI_DEMO.lib(fcomic18b_1.o)(uCGUI_DEMO.lib)
    0x0800ef90   0x00000012   Data   RO         1163    .constdata          uCGUI_DEMO.lib(fcomic18b_1.o)(uCGUI_DEMO.lib)
    0x0800efa2   0x00000012   Data   RO         1164    .constdata          uCGUI_DEMO.lib(fcomic18b_1.o)(uCGUI_DEMO.lib)
    0x0800efb4   0x00000024   Data   RO         1165    .constdata          uCGUI_DEMO.lib(fcomic18b_1.o)(uCGUI_DEMO.lib)
    0x0800efd8   0x00000024   Data   RO         1166    .constdata          uCGUI_DEMO.lib(fcomic18b_1.o)(uCGUI_DEMO.lib)
    0x0800effc   0x00000024   Data   RO         1167    .constdata          uCGUI_DEMO.lib(fcomic18b_1.o)(uCGUI_DEMO.lib)
    0x0800f020   0x00000608   Data   RO         1168    .constdata          uCGUI_DEMO.lib(fcomic18b_1.o)(uCGUI_DEMO.lib)
    0x0800f628   0x0000000c   Data   RO         1169    .constdata          uCGUI_DEMO.lib(fcomic18b_1.o)(uCGUI_DEMO.lib)
    0x0800f634   0x0000000c   Data   RO         1170    .constdata          uCGUI_DEMO.lib(fcomic18b_1.o)(uCGUI_DEMO.lib)
    0x0800f640   0x00000020   Data   RO         1171    .constdata          uCGUI_DEMO.lib(fcomic18b_1.o)(uCGUI_DEMO.lib)
    0x0800f660   0x00000044   Data   RO         1496    .constdata          uCGUI_DEMO.lib(gui2dlib.o)(uCGUI_DEMO.lib)
    0x0800f6a4   0x00000014   Data   RO         1599    .constdata          uCGUI_DEMO.lib(gui_cursorarrowm.o)(uCGUI_DEMO.lib)
    0x0800f6b8   0x0000000c   Data   RO         1600    .constdata          uCGUI_DEMO.lib(gui_cursorarrowm.o)(uCGUI_DEMO.lib)
    0x0800f6c4   0x00000010   Data   RO         1865    .constdata          uCGUI_DEMO.lib(gui_uc_encodenone.o)(uCGUI_DEMO.lib)
    0x0800f6d4   0x00000040   Data   RO         1950    .constdata          uCGUI_DEMO.lib(lcd_api.o)(uCGUI_DEMO.lib)
    0x0800f714   0x00000518   Data   RO         1988    .constdata          uCGUI_DEMO.lib(f6x8.o)(uCGUI_DEMO.lib)
    0x0800fc2c   0x000001c0   Data   RO         1989    .constdata          uCGUI_DEMO.lib(f6x8.o)(uCGUI_DEMO.lib)
    0x0800fdec   0x00000008   Data   RO         1990    .constdata          uCGUI_DEMO.lib(f6x8.o)(uCGUI_DEMO.lib)
    0x0800fdf4   0x00000014   Data   RO         1991    .constdata          uCGUI_DEMO.lib(f6x8.o)(uCGUI_DEMO.lib)
    0x0800fe08   0x00000020   Data   RO         1992    .constdata          uCGUI_DEMO.lib(f6x8.o)(uCGUI_DEMO.lib)
    0x0800fe28   0x0000000d   Data   RO         2006    .constdata          uCGUI_DEMO.lib(f8x13_ascii.o)(uCGUI_DEMO.lib)
    0x0800fe35   0x0000000d   Data   RO         2007    .constdata          uCGUI_DEMO.lib(f8x13_ascii.o)(uCGUI_DEMO.lib)
    0x0800fe42   0x0000000d   Data   RO         2008    .constdata          uCGUI_DEMO.lib(f8x13_ascii.o)(uCGUI_DEMO.lib)
    0x0800fe4f   0x0000000d   Data   RO         2009    .constdata          uCGUI_DEMO.lib(f8x13_ascii.o)(uCGUI_DEMO.lib)
    0x0800fe5c   0x0000000d   Data   RO         2010    .constdata          uCGUI_DEMO.lib(f8x13_ascii.o)(uCGUI_DEMO.lib)
    0x0800fe69   0x0000000d   Data   RO         2011    .constdata          uCGUI_DEMO.lib(f8x13_ascii.o)(uCGUI_DEMO.lib)
    0x0800fe76   0x0000000d   Data   RO         2012    .constdata          uCGUI_DEMO.lib(f8x13_ascii.o)(uCGUI_DEMO.lib)
    0x0800fe83   0x0000000d   Data   RO         2013    .constdata          uCGUI_DEMO.lib(f8x13_ascii.o)(uCGUI_DEMO.lib)
    0x0800fe90   0x0000000d   Data   RO         2014    .constdata          uCGUI_DEMO.lib(f8x13_ascii.o)(uCGUI_DEMO.lib)
    0x0800fe9d   0x0000000d   Data   RO         2015    .constdata          uCGUI_DEMO.lib(f8x13_ascii.o)(uCGUI_DEMO.lib)
    0x0800feaa   0x0000000d   Data   RO         2016    .constdata          uCGUI_DEMO.lib(f8x13_ascii.o)(uCGUI_DEMO.lib)
    0x0800feb7   0x0000000d   Data   RO         2017    .constdata          uCGUI_DEMO.lib(f8x13_ascii.o)(uCGUI_DEMO.lib)
    0x0800fec4   0x0000000d   Data   RO         2018    .constdata          uCGUI_DEMO.lib(f8x13_ascii.o)(uCGUI_DEMO.lib)
    0x0800fed1   0x0000000d   Data   RO         2019    .constdata          uCGUI_DEMO.lib(f8x13_ascii.o)(uCGUI_DEMO.lib)
    0x0800fede   0x0000000d   Data   RO         2020    .constdata          uCGUI_DEMO.lib(f8x13_ascii.o)(uCGUI_DEMO.lib)
    0x0800feeb   0x0000000d   Data   RO         2021    .constdata          uCGUI_DEMO.lib(f8x13_ascii.o)(uCGUI_DEMO.lib)
    0x0800fef8   0x0000000d   Data   RO         2022    .constdata          uCGUI_DEMO.lib(f8x13_ascii.o)(uCGUI_DEMO.lib)
    0x0800ff05   0x0000000d   Data   RO         2023    .constdata          uCGUI_DEMO.lib(f8x13_ascii.o)(uCGUI_DEMO.lib)
    0x0800ff12   0x0000000d   Data   RO         2024    .constdata          uCGUI_DEMO.lib(f8x13_ascii.o)(uCGUI_DEMO.lib)
    0x0800ff1f   0x0000000d   Data   RO         2025    .constdata          uCGUI_DEMO.lib(f8x13_ascii.o)(uCGUI_DEMO.lib)
    0x0800ff2c   0x0000000d   Data   RO         2026    .constdata          uCGUI_DEMO.lib(f8x13_ascii.o)(uCGUI_DEMO.lib)
    0x0800ff39   0x0000000d   Data   RO         2027    .constdata          uCGUI_DEMO.lib(f8x13_ascii.o)(uCGUI_DEMO.lib)
    0x0800ff46   0x0000000d   Data   RO         2028    .constdata          uCGUI_DEMO.lib(f8x13_ascii.o)(uCGUI_DEMO.lib)
    0x0800ff53   0x0000000d   Data   RO         2029    .constdata          uCGUI_DEMO.lib(f8x13_ascii.o)(uCGUI_DEMO.lib)
    0x0800ff60   0x0000000d   Data   RO         2030    .constdata          uCGUI_DEMO.lib(f8x13_ascii.o)(uCGUI_DEMO.lib)
    0x0800ff6d   0x0000000d   Data   RO         2031    .constdata          uCGUI_DEMO.lib(f8x13_ascii.o)(uCGUI_DEMO.lib)
    0x0800ff7a   0x0000000d   Data   RO         2032    .constdata          uCGUI_DEMO.lib(f8x13_ascii.o)(uCGUI_DEMO.lib)
    0x0800ff87   0x0000000d   Data   RO         2033    .constdata          uCGUI_DEMO.lib(f8x13_ascii.o)(uCGUI_DEMO.lib)
    0x0800ff94   0x0000000d   Data   RO         2034    .constdata          uCGUI_DEMO.lib(f8x13_ascii.o)(uCGUI_DEMO.lib)
    0x0800ffa1   0x0000000d   Data   RO         2035    .constdata          uCGUI_DEMO.lib(f8x13_ascii.o)(uCGUI_DEMO.lib)
    0x0800ffae   0x0000000d   Data   RO         2036    .constdata          uCGUI_DEMO.lib(f8x13_ascii.o)(uCGUI_DEMO.lib)
    0x0800ffbb   0x0000000d   Data   RO         2037    .constdata          uCGUI_DEMO.lib(f8x13_ascii.o)(uCGUI_DEMO.lib)
    0x0800ffc8   0x0000000d   Data   RO         2038    .constdata          uCGUI_DEMO.lib(f8x13_ascii.o)(uCGUI_DEMO.lib)
    0x0800ffd5   0x0000000d   Data   RO         2039    .constdata          uCGUI_DEMO.lib(f8x13_ascii.o)(uCGUI_DEMO.lib)
    0x0800ffe2   0x0000000d   Data   RO         2040    .constdata          uCGUI_DEMO.lib(f8x13_ascii.o)(uCGUI_DEMO.lib)
    0x0800ffef   0x0000000d   Data   RO         2041    .constdata          uCGUI_DEMO.lib(f8x13_ascii.o)(uCGUI_DEMO.lib)
    0x0800fffc   0x0000000d   Data   RO         2042    .constdata          uCGUI_DEMO.lib(f8x13_ascii.o)(uCGUI_DEMO.lib)
    0x08010009   0x0000000d   Data   RO         2043    .constdata          uCGUI_DEMO.lib(f8x13_ascii.o)(uCGUI_DEMO.lib)
    0x08010016   0x0000000d   Data   RO         2044    .constdata          uCGUI_DEMO.lib(f8x13_ascii.o)(uCGUI_DEMO.lib)
    0x08010023   0x0000000d   Data   RO         2045    .constdata          uCGUI_DEMO.lib(f8x13_ascii.o)(uCGUI_DEMO.lib)
    0x08010030   0x0000000d   Data   RO         2046    .constdata          uCGUI_DEMO.lib(f8x13_ascii.o)(uCGUI_DEMO.lib)
    0x0801003d   0x0000000d   Data   RO         2047    .constdata          uCGUI_DEMO.lib(f8x13_ascii.o)(uCGUI_DEMO.lib)
    0x0801004a   0x0000000d   Data   RO         2048    .constdata          uCGUI_DEMO.lib(f8x13_ascii.o)(uCGUI_DEMO.lib)
    0x08010057   0x0000000d   Data   RO         2049    .constdata          uCGUI_DEMO.lib(f8x13_ascii.o)(uCGUI_DEMO.lib)
    0x08010064   0x0000000d   Data   RO         2050    .constdata          uCGUI_DEMO.lib(f8x13_ascii.o)(uCGUI_DEMO.lib)
    0x08010071   0x0000000d   Data   RO         2051    .constdata          uCGUI_DEMO.lib(f8x13_ascii.o)(uCGUI_DEMO.lib)
    0x0801007e   0x0000000d   Data   RO         2052    .constdata          uCGUI_DEMO.lib(f8x13_ascii.o)(uCGUI_DEMO.lib)
    0x0801008b   0x0000000d   Data   RO         2053    .constdata          uCGUI_DEMO.lib(f8x13_ascii.o)(uCGUI_DEMO.lib)
    0x08010098   0x0000000d   Data   RO         2054    .constdata          uCGUI_DEMO.lib(f8x13_ascii.o)(uCGUI_DEMO.lib)
    0x080100a5   0x0000000d   Data   RO         2055    .constdata          uCGUI_DEMO.lib(f8x13_ascii.o)(uCGUI_DEMO.lib)
    0x080100b2   0x0000000d   Data   RO         2056    .constdata          uCGUI_DEMO.lib(f8x13_ascii.o)(uCGUI_DEMO.lib)
    0x080100bf   0x0000000d   Data   RO         2057    .constdata          uCGUI_DEMO.lib(f8x13_ascii.o)(uCGUI_DEMO.lib)
    0x080100cc   0x0000000d   Data   RO         2058    .constdata          uCGUI_DEMO.lib(f8x13_ascii.o)(uCGUI_DEMO.lib)
    0x080100d9   0x0000000d   Data   RO         2059    .constdata          uCGUI_DEMO.lib(f8x13_ascii.o)(uCGUI_DEMO.lib)
    0x080100e6   0x0000000d   Data   RO         2060    .constdata          uCGUI_DEMO.lib(f8x13_ascii.o)(uCGUI_DEMO.lib)
    0x080100f3   0x0000000d   Data   RO         2061    .constdata          uCGUI_DEMO.lib(f8x13_ascii.o)(uCGUI_DEMO.lib)
    0x08010100   0x0000000d   Data   RO         2062    .constdata          uCGUI_DEMO.lib(f8x13_ascii.o)(uCGUI_DEMO.lib)
    0x0801010d   0x0000000d   Data   RO         2063    .constdata          uCGUI_DEMO.lib(f8x13_ascii.o)(uCGUI_DEMO.lib)
    0x0801011a   0x0000000d   Data   RO         2064    .constdata          uCGUI_DEMO.lib(f8x13_ascii.o)(uCGUI_DEMO.lib)
    0x08010127   0x0000000d   Data   RO         2065    .constdata          uCGUI_DEMO.lib(f8x13_ascii.o)(uCGUI_DEMO.lib)
    0x08010134   0x0000000d   Data   RO         2066    .constdata          uCGUI_DEMO.lib(f8x13_ascii.o)(uCGUI_DEMO.lib)
    0x08010141   0x0000000d   Data   RO         2067    .constdata          uCGUI_DEMO.lib(f8x13_ascii.o)(uCGUI_DEMO.lib)
    0x0801014e   0x0000000d   Data   RO         2068    .constdata          uCGUI_DEMO.lib(f8x13_ascii.o)(uCGUI_DEMO.lib)
    0x0801015b   0x0000000d   Data   RO         2069    .constdata          uCGUI_DEMO.lib(f8x13_ascii.o)(uCGUI_DEMO.lib)
    0x08010168   0x0000000d   Data   RO         2070    .constdata          uCGUI_DEMO.lib(f8x13_ascii.o)(uCGUI_DEMO.lib)
    0x08010175   0x0000000d   Data   RO         2071    .constdata          uCGUI_DEMO.lib(f8x13_ascii.o)(uCGUI_DEMO.lib)
    0x08010182   0x0000000d   Data   RO         2072    .constdata          uCGUI_DEMO.lib(f8x13_ascii.o)(uCGUI_DEMO.lib)
    0x0801018f   0x0000000d   Data   RO         2073    .constdata          uCGUI_DEMO.lib(f8x13_ascii.o)(uCGUI_DEMO.lib)
    0x0801019c   0x0000000d   Data   RO         2074    .constdata          uCGUI_DEMO.lib(f8x13_ascii.o)(uCGUI_DEMO.lib)
    0x080101a9   0x0000000d   Data   RO         2075    .constdata          uCGUI_DEMO.lib(f8x13_ascii.o)(uCGUI_DEMO.lib)
    0x080101b6   0x0000000d   Data   RO         2076    .constdata          uCGUI_DEMO.lib(f8x13_ascii.o)(uCGUI_DEMO.lib)
    0x080101c3   0x0000000d   Data   RO         2077    .constdata          uCGUI_DEMO.lib(f8x13_ascii.o)(uCGUI_DEMO.lib)
    0x080101d0   0x0000000d   Data   RO         2078    .constdata          uCGUI_DEMO.lib(f8x13_ascii.o)(uCGUI_DEMO.lib)
    0x080101dd   0x0000000d   Data   RO         2079    .constdata          uCGUI_DEMO.lib(f8x13_ascii.o)(uCGUI_DEMO.lib)
    0x080101ea   0x0000000d   Data   RO         2080    .constdata          uCGUI_DEMO.lib(f8x13_ascii.o)(uCGUI_DEMO.lib)
    0x080101f7   0x0000000d   Data   RO         2081    .constdata          uCGUI_DEMO.lib(f8x13_ascii.o)(uCGUI_DEMO.lib)
    0x08010204   0x0000000d   Data   RO         2082    .constdata          uCGUI_DEMO.lib(f8x13_ascii.o)(uCGUI_DEMO.lib)
    0x08010211   0x0000000d   Data   RO         2083    .constdata          uCGUI_DEMO.lib(f8x13_ascii.o)(uCGUI_DEMO.lib)
    0x0801021e   0x0000000d   Data   RO         2084    .constdata          uCGUI_DEMO.lib(f8x13_ascii.o)(uCGUI_DEMO.lib)
    0x0801022b   0x0000000d   Data   RO         2085    .constdata          uCGUI_DEMO.lib(f8x13_ascii.o)(uCGUI_DEMO.lib)
    0x08010238   0x0000000d   Data   RO         2086    .constdata          uCGUI_DEMO.lib(f8x13_ascii.o)(uCGUI_DEMO.lib)
    0x08010245   0x0000000d   Data   RO         2087    .constdata          uCGUI_DEMO.lib(f8x13_ascii.o)(uCGUI_DEMO.lib)
    0x08010252   0x0000000d   Data   RO         2088    .constdata          uCGUI_DEMO.lib(f8x13_ascii.o)(uCGUI_DEMO.lib)
    0x0801025f   0x0000000d   Data   RO         2089    .constdata          uCGUI_DEMO.lib(f8x13_ascii.o)(uCGUI_DEMO.lib)
    0x0801026c   0x0000000d   Data   RO         2090    .constdata          uCGUI_DEMO.lib(f8x13_ascii.o)(uCGUI_DEMO.lib)
    0x08010279   0x0000000d   Data   RO         2091    .constdata          uCGUI_DEMO.lib(f8x13_ascii.o)(uCGUI_DEMO.lib)
    0x08010286   0x0000000d   Data   RO         2092    .constdata          uCGUI_DEMO.lib(f8x13_ascii.o)(uCGUI_DEMO.lib)
    0x08010293   0x0000000d   Data   RO         2093    .constdata          uCGUI_DEMO.lib(f8x13_ascii.o)(uCGUI_DEMO.lib)
    0x080102a0   0x0000000d   Data   RO         2094    .constdata          uCGUI_DEMO.lib(f8x13_ascii.o)(uCGUI_DEMO.lib)
    0x080102ad   0x0000000d   Data   RO         2095    .constdata          uCGUI_DEMO.lib(f8x13_ascii.o)(uCGUI_DEMO.lib)
    0x080102ba   0x0000000d   Data   RO         2096    .constdata          uCGUI_DEMO.lib(f8x13_ascii.o)(uCGUI_DEMO.lib)
    0x080102c7   0x0000000d   Data   RO         2097    .constdata          uCGUI_DEMO.lib(f8x13_ascii.o)(uCGUI_DEMO.lib)
    0x080102d4   0x0000000d   Data   RO         2098    .constdata          uCGUI_DEMO.lib(f8x13_ascii.o)(uCGUI_DEMO.lib)
    0x080102e1   0x0000000d   Data   RO         2099    .constdata          uCGUI_DEMO.lib(f8x13_ascii.o)(uCGUI_DEMO.lib)
    0x080102ee   0x0000000d   Data   RO         2100    .constdata          uCGUI_DEMO.lib(f8x13_ascii.o)(uCGUI_DEMO.lib)
    0x080102fb   0x0000000d   Data   RO         2101    .constdata          uCGUI_DEMO.lib(f8x13_ascii.o)(uCGUI_DEMO.lib)
    0x08010308   0x00000300   Data   RO         2102    .constdata          uCGUI_DEMO.lib(f8x13_ascii.o)(uCGUI_DEMO.lib)
    0x08010608   0x0000000d   Data   RO         2121    .constdata          uCGUI_DEMO.lib(f13_1.o)(uCGUI_DEMO.lib)
    0x08010615   0x0000000d   Data   RO         2122    .constdata          uCGUI_DEMO.lib(f13_1.o)(uCGUI_DEMO.lib)
    0x08010622   0x0000000d   Data   RO         2123    .constdata          uCGUI_DEMO.lib(f13_1.o)(uCGUI_DEMO.lib)
    0x0801062f   0x0000000d   Data   RO         2124    .constdata          uCGUI_DEMO.lib(f13_1.o)(uCGUI_DEMO.lib)
    0x0801063c   0x0000000d   Data   RO         2125    .constdata          uCGUI_DEMO.lib(f13_1.o)(uCGUI_DEMO.lib)
    0x08010649   0x0000000d   Data   RO         2126    .constdata          uCGUI_DEMO.lib(f13_1.o)(uCGUI_DEMO.lib)
    0x08010656   0x0000000d   Data   RO         2127    .constdata          uCGUI_DEMO.lib(f13_1.o)(uCGUI_DEMO.lib)
    0x08010663   0x0000000d   Data   RO         2128    .constdata          uCGUI_DEMO.lib(f13_1.o)(uCGUI_DEMO.lib)
    0x08010670   0x0000000d   Data   RO         2129    .constdata          uCGUI_DEMO.lib(f13_1.o)(uCGUI_DEMO.lib)
    0x0801067d   0x0000001a   Data   RO         2130    .constdata          uCGUI_DEMO.lib(f13_1.o)(uCGUI_DEMO.lib)
    0x08010697   0x0000000d   Data   RO         2131    .constdata          uCGUI_DEMO.lib(f13_1.o)(uCGUI_DEMO.lib)
    0x080106a4   0x0000000d   Data   RO         2132    .constdata          uCGUI_DEMO.lib(f13_1.o)(uCGUI_DEMO.lib)
    0x080106b1   0x0000000d   Data   RO         2133    .constdata          uCGUI_DEMO.lib(f13_1.o)(uCGUI_DEMO.lib)
    0x080106be   0x0000000d   Data   RO         2134    .constdata          uCGUI_DEMO.lib(f13_1.o)(uCGUI_DEMO.lib)
    0x080106cb   0x0000001a   Data   RO         2135    .constdata          uCGUI_DEMO.lib(f13_1.o)(uCGUI_DEMO.lib)
    0x080106e5   0x0000000d   Data   RO         2136    .constdata          uCGUI_DEMO.lib(f13_1.o)(uCGUI_DEMO.lib)
    0x080106f2   0x0000000d   Data   RO         2137    .constdata          uCGUI_DEMO.lib(f13_1.o)(uCGUI_DEMO.lib)
    0x080106ff   0x0000000d   Data   RO         2138    .constdata          uCGUI_DEMO.lib(f13_1.o)(uCGUI_DEMO.lib)
    0x0801070c   0x0000000d   Data   RO         2139    .constdata          uCGUI_DEMO.lib(f13_1.o)(uCGUI_DEMO.lib)
    0x08010719   0x0000000d   Data   RO         2140    .constdata          uCGUI_DEMO.lib(f13_1.o)(uCGUI_DEMO.lib)
    0x08010726   0x0000000d   Data   RO         2141    .constdata          uCGUI_DEMO.lib(f13_1.o)(uCGUI_DEMO.lib)
    0x08010733   0x0000000d   Data   RO         2142    .constdata          uCGUI_DEMO.lib(f13_1.o)(uCGUI_DEMO.lib)
    0x08010740   0x0000000d   Data   RO         2143    .constdata          uCGUI_DEMO.lib(f13_1.o)(uCGUI_DEMO.lib)
    0x0801074d   0x0000000d   Data   RO         2144    .constdata          uCGUI_DEMO.lib(f13_1.o)(uCGUI_DEMO.lib)
    0x0801075a   0x0000000d   Data   RO         2145    .constdata          uCGUI_DEMO.lib(f13_1.o)(uCGUI_DEMO.lib)
    0x08010767   0x0000000d   Data   RO         2146    .constdata          uCGUI_DEMO.lib(f13_1.o)(uCGUI_DEMO.lib)
    0x08010774   0x0000000d   Data   RO         2147    .constdata          uCGUI_DEMO.lib(f13_1.o)(uCGUI_DEMO.lib)
    0x08010781   0x0000000d   Data   RO         2148    .constdata          uCGUI_DEMO.lib(f13_1.o)(uCGUI_DEMO.lib)
    0x0801078e   0x0000001a   Data   RO         2149    .constdata          uCGUI_DEMO.lib(f13_1.o)(uCGUI_DEMO.lib)
    0x080107a8   0x0000001a   Data   RO         2150    .constdata          uCGUI_DEMO.lib(f13_1.o)(uCGUI_DEMO.lib)
    0x080107c2   0x0000001a   Data   RO         2151    .constdata          uCGUI_DEMO.lib(f13_1.o)(uCGUI_DEMO.lib)
    0x080107dc   0x0000000d   Data   RO         2152    .constdata          uCGUI_DEMO.lib(f13_1.o)(uCGUI_DEMO.lib)
    0x080107e9   0x0000000d   Data   RO         2153    .constdata          uCGUI_DEMO.lib(f13_1.o)(uCGUI_DEMO.lib)
    0x080107f6   0x0000000d   Data   RO         2154    .constdata          uCGUI_DEMO.lib(f13_1.o)(uCGUI_DEMO.lib)
    0x08010803   0x0000000d   Data   RO         2155    .constdata          uCGUI_DEMO.lib(f13_1.o)(uCGUI_DEMO.lib)
    0x08010810   0x0000000d   Data   RO         2156    .constdata          uCGUI_DEMO.lib(f13_1.o)(uCGUI_DEMO.lib)
    0x0801081d   0x0000000d   Data   RO         2157    .constdata          uCGUI_DEMO.lib(f13_1.o)(uCGUI_DEMO.lib)
    0x0801082a   0x0000000d   Data   RO         2158    .constdata          uCGUI_DEMO.lib(f13_1.o)(uCGUI_DEMO.lib)
    0x08010837   0x0000001a   Data   RO         2159    .constdata          uCGUI_DEMO.lib(f13_1.o)(uCGUI_DEMO.lib)
    0x08010851   0x0000000d   Data   RO         2160    .constdata          uCGUI_DEMO.lib(f13_1.o)(uCGUI_DEMO.lib)
    0x0801085e   0x0000000d   Data   RO         2161    .constdata          uCGUI_DEMO.lib(f13_1.o)(uCGUI_DEMO.lib)
    0x0801086b   0x0000000d   Data   RO         2162    .constdata          uCGUI_DEMO.lib(f13_1.o)(uCGUI_DEMO.lib)
    0x08010878   0x0000000d   Data   RO         2163    .constdata          uCGUI_DEMO.lib(f13_1.o)(uCGUI_DEMO.lib)
    0x08010885   0x0000000d   Data   RO         2164    .constdata          uCGUI_DEMO.lib(f13_1.o)(uCGUI_DEMO.lib)
    0x08010892   0x0000000d   Data   RO         2165    .constdata          uCGUI_DEMO.lib(f13_1.o)(uCGUI_DEMO.lib)
    0x0801089f   0x0000000d   Data   RO         2166    .constdata          uCGUI_DEMO.lib(f13_1.o)(uCGUI_DEMO.lib)
    0x080108ac   0x0000000d   Data   RO         2167    .constdata          uCGUI_DEMO.lib(f13_1.o)(uCGUI_DEMO.lib)
    0x080108b9   0x0000000d   Data   RO         2168    .constdata          uCGUI_DEMO.lib(f13_1.o)(uCGUI_DEMO.lib)
    0x080108c6   0x0000000d   Data   RO         2169    .constdata          uCGUI_DEMO.lib(f13_1.o)(uCGUI_DEMO.lib)
    0x080108d3   0x0000000d   Data   RO         2170    .constdata          uCGUI_DEMO.lib(f13_1.o)(uCGUI_DEMO.lib)
    0x080108e0   0x0000000d   Data   RO         2171    .constdata          uCGUI_DEMO.lib(f13_1.o)(uCGUI_DEMO.lib)
    0x080108ed   0x0000000d   Data   RO         2172    .constdata          uCGUI_DEMO.lib(f13_1.o)(uCGUI_DEMO.lib)
    0x080108fa   0x0000000d   Data   RO         2173    .constdata          uCGUI_DEMO.lib(f13_1.o)(uCGUI_DEMO.lib)
    0x08010907   0x0000000d   Data   RO         2174    .constdata          uCGUI_DEMO.lib(f13_1.o)(uCGUI_DEMO.lib)
    0x08010914   0x0000000d   Data   RO         2175    .constdata          uCGUI_DEMO.lib(f13_1.o)(uCGUI_DEMO.lib)
    0x08010921   0x0000000d   Data   RO         2176    .constdata          uCGUI_DEMO.lib(f13_1.o)(uCGUI_DEMO.lib)
    0x0801092e   0x0000000d   Data   RO         2177    .constdata          uCGUI_DEMO.lib(f13_1.o)(uCGUI_DEMO.lib)
    0x0801093b   0x0000000d   Data   RO         2178    .constdata          uCGUI_DEMO.lib(f13_1.o)(uCGUI_DEMO.lib)
    0x08010948   0x0000000d   Data   RO         2179    .constdata          uCGUI_DEMO.lib(f13_1.o)(uCGUI_DEMO.lib)
    0x08010955   0x0000000d   Data   RO         2180    .constdata          uCGUI_DEMO.lib(f13_1.o)(uCGUI_DEMO.lib)
    0x08010962   0x0000000d   Data   RO         2181    .constdata          uCGUI_DEMO.lib(f13_1.o)(uCGUI_DEMO.lib)
    0x0801096f   0x0000000d   Data   RO         2182    .constdata          uCGUI_DEMO.lib(f13_1.o)(uCGUI_DEMO.lib)
    0x0801097c   0x0000000d   Data   RO         2183    .constdata          uCGUI_DEMO.lib(f13_1.o)(uCGUI_DEMO.lib)
    0x08010989   0x0000000d   Data   RO         2184    .constdata          uCGUI_DEMO.lib(f13_1.o)(uCGUI_DEMO.lib)
    0x08010996   0x0000000d   Data   RO         2185    .constdata          uCGUI_DEMO.lib(f13_1.o)(uCGUI_DEMO.lib)
    0x080109a3   0x0000000d   Data   RO         2186    .constdata          uCGUI_DEMO.lib(f13_1.o)(uCGUI_DEMO.lib)
    0x080109b0   0x0000000d   Data   RO         2187    .constdata          uCGUI_DEMO.lib(f13_1.o)(uCGUI_DEMO.lib)
    0x080109bd   0x0000000d   Data   RO         2188    .constdata          uCGUI_DEMO.lib(f13_1.o)(uCGUI_DEMO.lib)
    0x080109ca   0x0000000d   Data   RO         2189    .constdata          uCGUI_DEMO.lib(f13_1.o)(uCGUI_DEMO.lib)
    0x080109d7   0x0000000d   Data   RO         2190    .constdata          uCGUI_DEMO.lib(f13_1.o)(uCGUI_DEMO.lib)
    0x080109e4   0x0000001a   Data   RO         2191    .constdata          uCGUI_DEMO.lib(f13_1.o)(uCGUI_DEMO.lib)
    0x080109fe   0x0000000d   Data   RO         2192    .constdata          uCGUI_DEMO.lib(f13_1.o)(uCGUI_DEMO.lib)
    0x08010a0b   0x0000000d   Data   RO         2193    .constdata          uCGUI_DEMO.lib(f13_1.o)(uCGUI_DEMO.lib)
    0x08010a18   0x0000000d   Data   RO         2194    .constdata          uCGUI_DEMO.lib(f13_1.o)(uCGUI_DEMO.lib)
    0x08010a25   0x0000000d   Data   RO         2195    .constdata          uCGUI_DEMO.lib(f13_1.o)(uCGUI_DEMO.lib)
    0x08010a32   0x0000000d   Data   RO         2196    .constdata          uCGUI_DEMO.lib(f13_1.o)(uCGUI_DEMO.lib)
    0x08010a3f   0x0000000d   Data   RO         2197    .constdata          uCGUI_DEMO.lib(f13_1.o)(uCGUI_DEMO.lib)
    0x08010a4c   0x0000000d   Data   RO         2198    .constdata          uCGUI_DEMO.lib(f13_1.o)(uCGUI_DEMO.lib)
    0x08010a59   0x0000000d   Data   RO         2199    .constdata          uCGUI_DEMO.lib(f13_1.o)(uCGUI_DEMO.lib)
    0x08010a66   0x0000000d   Data   RO         2200    .constdata          uCGUI_DEMO.lib(f13_1.o)(uCGUI_DEMO.lib)
    0x08010a73   0x0000000d   Data   RO         2201    .constdata          uCGUI_DEMO.lib(f13_1.o)(uCGUI_DEMO.lib)
    0x08010a80   0x0000000d   Data   RO         2202    .constdata          uCGUI_DEMO.lib(f13_1.o)(uCGUI_DEMO.lib)
    0x08010a8d   0x0000000d   Data   RO         2203    .constdata          uCGUI_DEMO.lib(f13_1.o)(uCGUI_DEMO.lib)
    0x08010a9a   0x0000000d   Data   RO         2204    .constdata          uCGUI_DEMO.lib(f13_1.o)(uCGUI_DEMO.lib)
    0x08010aa7   0x0000000d   Data   RO         2205    .constdata          uCGUI_DEMO.lib(f13_1.o)(uCGUI_DEMO.lib)
    0x08010ab4   0x0000000d   Data   RO         2206    .constdata          uCGUI_DEMO.lib(f13_1.o)(uCGUI_DEMO.lib)
    0x08010ac1   0x0000000d   Data   RO         2207    .constdata          uCGUI_DEMO.lib(f13_1.o)(uCGUI_DEMO.lib)
    0x08010ace   0x0000000d   Data   RO         2208    .constdata          uCGUI_DEMO.lib(f13_1.o)(uCGUI_DEMO.lib)
    0x08010adb   0x0000000d   Data   RO         2209    .constdata          uCGUI_DEMO.lib(f13_1.o)(uCGUI_DEMO.lib)
    0x08010ae8   0x0000000d   Data   RO         2210    .constdata          uCGUI_DEMO.lib(f13_1.o)(uCGUI_DEMO.lib)
    0x08010af5   0x0000000d   Data   RO         2211    .constdata          uCGUI_DEMO.lib(f13_1.o)(uCGUI_DEMO.lib)
    0x08010b02   0x0000000d   Data   RO         2212    .constdata          uCGUI_DEMO.lib(f13_1.o)(uCGUI_DEMO.lib)
    0x08010b0f   0x0000000d   Data   RO         2213    .constdata          uCGUI_DEMO.lib(f13_1.o)(uCGUI_DEMO.lib)
    0x08010b1c   0x0000000d   Data   RO         2214    .constdata          uCGUI_DEMO.lib(f13_1.o)(uCGUI_DEMO.lib)
    0x08010b29   0x0000000d   Data   RO         2215    .constdata          uCGUI_DEMO.lib(f13_1.o)(uCGUI_DEMO.lib)
    0x08010b36   0x0000000d   Data   RO         2216    .constdata          uCGUI_DEMO.lib(f13_1.o)(uCGUI_DEMO.lib)
    0x08010b43   0x00000001   PAD
    0x08010b44   0x00000300   Data   RO         2217    .constdata          uCGUI_DEMO.lib(f13_1.o)(uCGUI_DEMO.lib)
    0x08010e44   0x0000000c   Data   RO         2218    .constdata          uCGUI_DEMO.lib(f13_1.o)(uCGUI_DEMO.lib)
    0x08010e50   0x00000020   Data   RO         2219    .constdata          uCGUI_DEMO.lib(f13_1.o)(uCGUI_DEMO.lib)
    0x08010e70   0x00000012   Data   RO         2232    .constdata          uCGUI_DEMO.lib(fcomic18b_ascii.o)(uCGUI_DEMO.lib)
    0x08010e82   0x00000012   Data   RO         2233    .constdata          uCGUI_DEMO.lib(fcomic18b_ascii.o)(uCGUI_DEMO.lib)
    0x08010e94   0x00000012   Data   RO         2234    .constdata          uCGUI_DEMO.lib(fcomic18b_ascii.o)(uCGUI_DEMO.lib)
    0x08010ea6   0x00000024   Data   RO         2235    .constdata          uCGUI_DEMO.lib(fcomic18b_ascii.o)(uCGUI_DEMO.lib)
    0x08010eca   0x00000024   Data   RO         2236    .constdata          uCGUI_DEMO.lib(fcomic18b_ascii.o)(uCGUI_DEMO.lib)
    0x08010eee   0x00000024   Data   RO         2237    .constdata          uCGUI_DEMO.lib(fcomic18b_ascii.o)(uCGUI_DEMO.lib)
    0x08010f12   0x00000024   Data   RO         2238    .constdata          uCGUI_DEMO.lib(fcomic18b_ascii.o)(uCGUI_DEMO.lib)
    0x08010f36   0x00000012   Data   RO         2239    .constdata          uCGUI_DEMO.lib(fcomic18b_ascii.o)(uCGUI_DEMO.lib)
    0x08010f48   0x00000012   Data   RO         2240    .constdata          uCGUI_DEMO.lib(fcomic18b_ascii.o)(uCGUI_DEMO.lib)
    0x08010f5a   0x00000012   Data   RO         2241    .constdata          uCGUI_DEMO.lib(fcomic18b_ascii.o)(uCGUI_DEMO.lib)
    0x08010f6c   0x00000024   Data   RO         2242    .constdata          uCGUI_DEMO.lib(fcomic18b_ascii.o)(uCGUI_DEMO.lib)
    0x08010f90   0x00000012   Data   RO         2243    .constdata          uCGUI_DEMO.lib(fcomic18b_ascii.o)(uCGUI_DEMO.lib)
    0x08010fa2   0x00000012   Data   RO         2244    .constdata          uCGUI_DEMO.lib(fcomic18b_ascii.o)(uCGUI_DEMO.lib)
    0x08010fb4   0x00000012   Data   RO         2245    .constdata          uCGUI_DEMO.lib(fcomic18b_ascii.o)(uCGUI_DEMO.lib)
    0x08010fc6   0x00000012   Data   RO         2246    .constdata          uCGUI_DEMO.lib(fcomic18b_ascii.o)(uCGUI_DEMO.lib)
    0x08010fd8   0x00000024   Data   RO         2247    .constdata          uCGUI_DEMO.lib(fcomic18b_ascii.o)(uCGUI_DEMO.lib)
    0x08010ffc   0x00000024   Data   RO         2248    .constdata          uCGUI_DEMO.lib(fcomic18b_ascii.o)(uCGUI_DEMO.lib)
    0x08011020   0x00000012   Data   RO         2249    .constdata          uCGUI_DEMO.lib(fcomic18b_ascii.o)(uCGUI_DEMO.lib)
    0x08011032   0x00000024   Data   RO         2250    .constdata          uCGUI_DEMO.lib(fcomic18b_ascii.o)(uCGUI_DEMO.lib)
    0x08011056   0x00000024   Data   RO         2251    .constdata          uCGUI_DEMO.lib(fcomic18b_ascii.o)(uCGUI_DEMO.lib)
    0x0801107a   0x00000024   Data   RO         2252    .constdata          uCGUI_DEMO.lib(fcomic18b_ascii.o)(uCGUI_DEMO.lib)
    0x0801109e   0x00000024   Data   RO         2253    .constdata          uCGUI_DEMO.lib(fcomic18b_ascii.o)(uCGUI_DEMO.lib)
    0x080110c2   0x00000024   Data   RO         2254    .constdata          uCGUI_DEMO.lib(fcomic18b_ascii.o)(uCGUI_DEMO.lib)
    0x080110e6   0x00000024   Data   RO         2255    .constdata          uCGUI_DEMO.lib(fcomic18b_ascii.o)(uCGUI_DEMO.lib)
    0x0801110a   0x00000024   Data   RO         2256    .constdata          uCGUI_DEMO.lib(fcomic18b_ascii.o)(uCGUI_DEMO.lib)
    0x0801112e   0x00000024   Data   RO         2257    .constdata          uCGUI_DEMO.lib(fcomic18b_ascii.o)(uCGUI_DEMO.lib)
    0x08011152   0x00000012   Data   RO         2258    .constdata          uCGUI_DEMO.lib(fcomic18b_ascii.o)(uCGUI_DEMO.lib)
    0x08011164   0x00000012   Data   RO         2259    .constdata          uCGUI_DEMO.lib(fcomic18b_ascii.o)(uCGUI_DEMO.lib)
    0x08011176   0x00000012   Data   RO         2260    .constdata          uCGUI_DEMO.lib(fcomic18b_ascii.o)(uCGUI_DEMO.lib)
    0x08011188   0x00000012   Data   RO         2261    .constdata          uCGUI_DEMO.lib(fcomic18b_ascii.o)(uCGUI_DEMO.lib)
    0x0801119a   0x00000012   Data   RO         2262    .constdata          uCGUI_DEMO.lib(fcomic18b_ascii.o)(uCGUI_DEMO.lib)
    0x080111ac   0x00000024   Data   RO         2263    .constdata          uCGUI_DEMO.lib(fcomic18b_ascii.o)(uCGUI_DEMO.lib)
    0x080111d0   0x00000024   Data   RO         2264    .constdata          uCGUI_DEMO.lib(fcomic18b_ascii.o)(uCGUI_DEMO.lib)
    0x080111f4   0x00000024   Data   RO         2265    .constdata          uCGUI_DEMO.lib(fcomic18b_ascii.o)(uCGUI_DEMO.lib)
    0x08011218   0x00000024   Data   RO         2266    .constdata          uCGUI_DEMO.lib(fcomic18b_ascii.o)(uCGUI_DEMO.lib)
    0x0801123c   0x00000024   Data   RO         2267    .constdata          uCGUI_DEMO.lib(fcomic18b_ascii.o)(uCGUI_DEMO.lib)
    0x08011260   0x00000024   Data   RO         2268    .constdata          uCGUI_DEMO.lib(fcomic18b_ascii.o)(uCGUI_DEMO.lib)
    0x08011284   0x00000024   Data   RO         2269    .constdata          uCGUI_DEMO.lib(fcomic18b_ascii.o)(uCGUI_DEMO.lib)
    0x080112a8   0x00000024   Data   RO         2270    .constdata          uCGUI_DEMO.lib(fcomic18b_ascii.o)(uCGUI_DEMO.lib)
    0x080112cc   0x00000024   Data   RO         2271    .constdata          uCGUI_DEMO.lib(fcomic18b_ascii.o)(uCGUI_DEMO.lib)
    0x080112f0   0x00000024   Data   RO         2272    .constdata          uCGUI_DEMO.lib(fcomic18b_ascii.o)(uCGUI_DEMO.lib)
    0x08011314   0x00000024   Data   RO         2273    .constdata          uCGUI_DEMO.lib(fcomic18b_ascii.o)(uCGUI_DEMO.lib)
    0x08011338   0x00000024   Data   RO         2274    .constdata          uCGUI_DEMO.lib(fcomic18b_ascii.o)(uCGUI_DEMO.lib)
    0x0801135c   0x00000024   Data   RO         2275    .constdata          uCGUI_DEMO.lib(fcomic18b_ascii.o)(uCGUI_DEMO.lib)
    0x08011380   0x00000024   Data   RO         2276    .constdata          uCGUI_DEMO.lib(fcomic18b_ascii.o)(uCGUI_DEMO.lib)
    0x080113a4   0x00000024   Data   RO         2277    .constdata          uCGUI_DEMO.lib(fcomic18b_ascii.o)(uCGUI_DEMO.lib)
    0x080113c8   0x00000024   Data   RO         2278    .constdata          uCGUI_DEMO.lib(fcomic18b_ascii.o)(uCGUI_DEMO.lib)
    0x080113ec   0x00000024   Data   RO         2279    .constdata          uCGUI_DEMO.lib(fcomic18b_ascii.o)(uCGUI_DEMO.lib)
    0x08011410   0x00000012   Data   RO         2280    .constdata          uCGUI_DEMO.lib(fcomic18b_ascii.o)(uCGUI_DEMO.lib)
    0x08011422   0x00000024   Data   RO         2281    .constdata          uCGUI_DEMO.lib(fcomic18b_ascii.o)(uCGUI_DEMO.lib)
    0x08011446   0x00000024   Data   RO         2282    .constdata          uCGUI_DEMO.lib(fcomic18b_ascii.o)(uCGUI_DEMO.lib)
    0x0801146a   0x00000024   Data   RO         2283    .constdata          uCGUI_DEMO.lib(fcomic18b_ascii.o)(uCGUI_DEMO.lib)
    0x0801148e   0x00000024   Data   RO         2284    .constdata          uCGUI_DEMO.lib(fcomic18b_ascii.o)(uCGUI_DEMO.lib)
    0x080114b2   0x00000024   Data   RO         2285    .constdata          uCGUI_DEMO.lib(fcomic18b_ascii.o)(uCGUI_DEMO.lib)
    0x080114d6   0x00000024   Data   RO         2286    .constdata          uCGUI_DEMO.lib(fcomic18b_ascii.o)(uCGUI_DEMO.lib)
    0x080114fa   0x00000036   Data   RO         2287    .constdata          uCGUI_DEMO.lib(fcomic18b_ascii.o)(uCGUI_DEMO.lib)
    0x08011530   0x00000024   Data   RO         2288    .constdata          uCGUI_DEMO.lib(fcomic18b_ascii.o)(uCGUI_DEMO.lib)
    0x08011554   0x00000024   Data   RO         2289    .constdata          uCGUI_DEMO.lib(fcomic18b_ascii.o)(uCGUI_DEMO.lib)
    0x08011578   0x00000024   Data   RO         2290    .constdata          uCGUI_DEMO.lib(fcomic18b_ascii.o)(uCGUI_DEMO.lib)
    0x0801159c   0x00000012   Data   RO         2291    .constdata          uCGUI_DEMO.lib(fcomic18b_ascii.o)(uCGUI_DEMO.lib)
    0x080115ae   0x00000012   Data   RO         2292    .constdata          uCGUI_DEMO.lib(fcomic18b_ascii.o)(uCGUI_DEMO.lib)
    0x080115c0   0x00000012   Data   RO         2293    .constdata          uCGUI_DEMO.lib(fcomic18b_ascii.o)(uCGUI_DEMO.lib)
    0x080115d2   0x00000012   Data   RO         2294    .constdata          uCGUI_DEMO.lib(fcomic18b_ascii.o)(uCGUI_DEMO.lib)
    0x080115e4   0x00000024   Data   RO         2295    .constdata          uCGUI_DEMO.lib(fcomic18b_ascii.o)(uCGUI_DEMO.lib)
    0x08011608   0x00000024   Data   RO         2296    .constdata          uCGUI_DEMO.lib(fcomic18b_ascii.o)(uCGUI_DEMO.lib)
    0x0801162c   0x00000012   Data   RO         2297    .constdata          uCGUI_DEMO.lib(fcomic18b_ascii.o)(uCGUI_DEMO.lib)
    0x0801163e   0x00000024   Data   RO         2298    .constdata          uCGUI_DEMO.lib(fcomic18b_ascii.o)(uCGUI_DEMO.lib)
    0x08011662   0x00000012   Data   RO         2299    .constdata          uCGUI_DEMO.lib(fcomic18b_ascii.o)(uCGUI_DEMO.lib)
    0x08011674   0x00000024   Data   RO         2300    .constdata          uCGUI_DEMO.lib(fcomic18b_ascii.o)(uCGUI_DEMO.lib)
    0x08011698   0x00000012   Data   RO         2301    .constdata          uCGUI_DEMO.lib(fcomic18b_ascii.o)(uCGUI_DEMO.lib)
    0x080116aa   0x00000012   Data   RO         2302    .constdata          uCGUI_DEMO.lib(fcomic18b_ascii.o)(uCGUI_DEMO.lib)
    0x080116bc   0x00000012   Data   RO         2303    .constdata          uCGUI_DEMO.lib(fcomic18b_ascii.o)(uCGUI_DEMO.lib)
    0x080116ce   0x00000012   Data   RO         2304    .constdata          uCGUI_DEMO.lib(fcomic18b_ascii.o)(uCGUI_DEMO.lib)
    0x080116e0   0x00000012   Data   RO         2305    .constdata          uCGUI_DEMO.lib(fcomic18b_ascii.o)(uCGUI_DEMO.lib)
    0x080116f2   0x00000012   Data   RO         2306    .constdata          uCGUI_DEMO.lib(fcomic18b_ascii.o)(uCGUI_DEMO.lib)
    0x08011704   0x00000024   Data   RO         2307    .constdata          uCGUI_DEMO.lib(fcomic18b_ascii.o)(uCGUI_DEMO.lib)
    0x08011728   0x00000012   Data   RO         2308    .constdata          uCGUI_DEMO.lib(fcomic18b_ascii.o)(uCGUI_DEMO.lib)
    0x0801173a   0x00000024   Data   RO         2309    .constdata          uCGUI_DEMO.lib(fcomic18b_ascii.o)(uCGUI_DEMO.lib)
    0x0801175e   0x00000012   Data   RO         2310    .constdata          uCGUI_DEMO.lib(fcomic18b_ascii.o)(uCGUI_DEMO.lib)
    0x08011770   0x00000012   Data   RO         2311    .constdata          uCGUI_DEMO.lib(fcomic18b_ascii.o)(uCGUI_DEMO.lib)
    0x08011782   0x00000024   Data   RO         2312    .constdata          uCGUI_DEMO.lib(fcomic18b_ascii.o)(uCGUI_DEMO.lib)
    0x080117a6   0x00000012   Data   RO         2313    .constdata          uCGUI_DEMO.lib(fcomic18b_ascii.o)(uCGUI_DEMO.lib)
    0x080117b8   0x00000012   Data   RO         2314    .constdata          uCGUI_DEMO.lib(fcomic18b_ascii.o)(uCGUI_DEMO.lib)
    0x080117ca   0x00000012   Data   RO         2315    .constdata          uCGUI_DEMO.lib(fcomic18b_ascii.o)(uCGUI_DEMO.lib)
    0x080117dc   0x00000012   Data   RO         2316    .constdata          uCGUI_DEMO.lib(fcomic18b_ascii.o)(uCGUI_DEMO.lib)
    0x080117ee   0x00000012   Data   RO         2317    .constdata          uCGUI_DEMO.lib(fcomic18b_ascii.o)(uCGUI_DEMO.lib)
    0x08011800   0x00000012   Data   RO         2318    .constdata          uCGUI_DEMO.lib(fcomic18b_ascii.o)(uCGUI_DEMO.lib)
    0x08011812   0x00000024   Data   RO         2319    .constdata          uCGUI_DEMO.lib(fcomic18b_ascii.o)(uCGUI_DEMO.lib)
    0x08011836   0x00000024   Data   RO         2320    .constdata          uCGUI_DEMO.lib(fcomic18b_ascii.o)(uCGUI_DEMO.lib)
    0x0801185a   0x00000024   Data   RO         2321    .constdata          uCGUI_DEMO.lib(fcomic18b_ascii.o)(uCGUI_DEMO.lib)
    0x0801187e   0x00000024   Data   RO         2322    .constdata          uCGUI_DEMO.lib(fcomic18b_ascii.o)(uCGUI_DEMO.lib)
    0x080118a2   0x00000012   Data   RO         2323    .constdata          uCGUI_DEMO.lib(fcomic18b_ascii.o)(uCGUI_DEMO.lib)
    0x080118b4   0x00000012   Data   RO         2324    .constdata          uCGUI_DEMO.lib(fcomic18b_ascii.o)(uCGUI_DEMO.lib)
    0x080118c6   0x00000012   Data   RO         2325    .constdata          uCGUI_DEMO.lib(fcomic18b_ascii.o)(uCGUI_DEMO.lib)
    0x080118d8   0x00000024   Data   RO         2326    .constdata          uCGUI_DEMO.lib(fcomic18b_ascii.o)(uCGUI_DEMO.lib)
    0x080118fc   0x00000012   Data   RO         2327    .constdata          uCGUI_DEMO.lib(fcomic18b_ascii.o)(uCGUI_DEMO.lib)
    0x0801190e   0x00000024   Data   RO         2328    .constdata          uCGUI_DEMO.lib(fcomic18b_ascii.o)(uCGUI_DEMO.lib)
    0x08011932   0x00000002   PAD
    0x08011934   0x00000308   Data   RO         2329    .constdata          uCGUI_DEMO.lib(fcomic18b_ascii.o)(uCGUI_DEMO.lib)
    0x08011c3c   0x0000003c   Data   RO         2700    .constdata          uCGUI_DEMO.lib(gui_cursorarrowmpx.o)(uCGUI_DEMO.lib)
    0x08011c78   0x0000000c   Data   RO         2713    .constdata          uCGUI_DEMO.lib(gui_cursorpal.o)(uCGUI_DEMO.lib)
    0x08011c84   0x0000000c   Data   RO         2714    .constdata          uCGUI_DEMO.lib(gui_cursorpal.o)(uCGUI_DEMO.lib)
    0x08011c90   0x00000008   Data   RO         3004    .constdata          uCGUI_DEMO.lib(f08_1.o)(uCGUI_DEMO.lib)
    0x08011c98   0x00000008   Data   RO         3005    .constdata          uCGUI_DEMO.lib(f08_1.o)(uCGUI_DEMO.lib)
    0x08011ca0   0x00000008   Data   RO         3006    .constdata          uCGUI_DEMO.lib(f08_1.o)(uCGUI_DEMO.lib)
    0x08011ca8   0x00000008   Data   RO         3007    .constdata          uCGUI_DEMO.lib(f08_1.o)(uCGUI_DEMO.lib)
    0x08011cb0   0x00000008   Data   RO         3008    .constdata          uCGUI_DEMO.lib(f08_1.o)(uCGUI_DEMO.lib)
    0x08011cb8   0x00000008   Data   RO         3009    .constdata          uCGUI_DEMO.lib(f08_1.o)(uCGUI_DEMO.lib)
    0x08011cc0   0x00000008   Data   RO         3010    .constdata          uCGUI_DEMO.lib(f08_1.o)(uCGUI_DEMO.lib)
    0x08011cc8   0x00000008   Data   RO         3011    .constdata          uCGUI_DEMO.lib(f08_1.o)(uCGUI_DEMO.lib)
    0x08011cd0   0x00000008   Data   RO         3012    .constdata          uCGUI_DEMO.lib(f08_1.o)(uCGUI_DEMO.lib)
    0x08011cd8   0x00000008   Data   RO         3013    .constdata          uCGUI_DEMO.lib(f08_1.o)(uCGUI_DEMO.lib)
    0x08011ce0   0x00000008   Data   RO         3014    .constdata          uCGUI_DEMO.lib(f08_1.o)(uCGUI_DEMO.lib)
    0x08011ce8   0x00000008   Data   RO         3015    .constdata          uCGUI_DEMO.lib(f08_1.o)(uCGUI_DEMO.lib)
    0x08011cf0   0x00000008   Data   RO         3016    .constdata          uCGUI_DEMO.lib(f08_1.o)(uCGUI_DEMO.lib)
    0x08011cf8   0x00000008   Data   RO         3017    .constdata          uCGUI_DEMO.lib(f08_1.o)(uCGUI_DEMO.lib)
    0x08011d00   0x00000008   Data   RO         3018    .constdata          uCGUI_DEMO.lib(f08_1.o)(uCGUI_DEMO.lib)
    0x08011d08   0x00000008   Data   RO         3019    .constdata          uCGUI_DEMO.lib(f08_1.o)(uCGUI_DEMO.lib)
    0x08011d10   0x00000008   Data   RO         3020    .constdata          uCGUI_DEMO.lib(f08_1.o)(uCGUI_DEMO.lib)
    0x08011d18   0x00000008   Data   RO         3021    .constdata          uCGUI_DEMO.lib(f08_1.o)(uCGUI_DEMO.lib)
    0x08011d20   0x00000008   Data   RO         3022    .constdata          uCGUI_DEMO.lib(f08_1.o)(uCGUI_DEMO.lib)
    0x08011d28   0x00000008   Data   RO         3023    .constdata          uCGUI_DEMO.lib(f08_1.o)(uCGUI_DEMO.lib)
    0x08011d30   0x00000008   Data   RO         3024    .constdata          uCGUI_DEMO.lib(f08_1.o)(uCGUI_DEMO.lib)
    0x08011d38   0x00000008   Data   RO         3025    .constdata          uCGUI_DEMO.lib(f08_1.o)(uCGUI_DEMO.lib)
    0x08011d40   0x00000008   Data   RO         3026    .constdata          uCGUI_DEMO.lib(f08_1.o)(uCGUI_DEMO.lib)
    0x08011d48   0x00000008   Data   RO         3027    .constdata          uCGUI_DEMO.lib(f08_1.o)(uCGUI_DEMO.lib)
    0x08011d50   0x00000008   Data   RO         3028    .constdata          uCGUI_DEMO.lib(f08_1.o)(uCGUI_DEMO.lib)
    0x08011d58   0x00000008   Data   RO         3029    .constdata          uCGUI_DEMO.lib(f08_1.o)(uCGUI_DEMO.lib)
    0x08011d60   0x00000008   Data   RO         3030    .constdata          uCGUI_DEMO.lib(f08_1.o)(uCGUI_DEMO.lib)
    0x08011d68   0x00000008   Data   RO         3031    .constdata          uCGUI_DEMO.lib(f08_1.o)(uCGUI_DEMO.lib)
    0x08011d70   0x00000008   Data   RO         3032    .constdata          uCGUI_DEMO.lib(f08_1.o)(uCGUI_DEMO.lib)
    0x08011d78   0x00000008   Data   RO         3033    .constdata          uCGUI_DEMO.lib(f08_1.o)(uCGUI_DEMO.lib)
    0x08011d80   0x00000008   Data   RO         3034    .constdata          uCGUI_DEMO.lib(f08_1.o)(uCGUI_DEMO.lib)
    0x08011d88   0x00000008   Data   RO         3035    .constdata          uCGUI_DEMO.lib(f08_1.o)(uCGUI_DEMO.lib)
    0x08011d90   0x00000008   Data   RO         3036    .constdata          uCGUI_DEMO.lib(f08_1.o)(uCGUI_DEMO.lib)
    0x08011d98   0x00000008   Data   RO         3037    .constdata          uCGUI_DEMO.lib(f08_1.o)(uCGUI_DEMO.lib)
    0x08011da0   0x00000008   Data   RO         3038    .constdata          uCGUI_DEMO.lib(f08_1.o)(uCGUI_DEMO.lib)
    0x08011da8   0x00000008   Data   RO         3039    .constdata          uCGUI_DEMO.lib(f08_1.o)(uCGUI_DEMO.lib)
    0x08011db0   0x00000008   Data   RO         3040    .constdata          uCGUI_DEMO.lib(f08_1.o)(uCGUI_DEMO.lib)
    0x08011db8   0x00000008   Data   RO         3041    .constdata          uCGUI_DEMO.lib(f08_1.o)(uCGUI_DEMO.lib)
    0x08011dc0   0x00000008   Data   RO         3042    .constdata          uCGUI_DEMO.lib(f08_1.o)(uCGUI_DEMO.lib)
    0x08011dc8   0x00000008   Data   RO         3043    .constdata          uCGUI_DEMO.lib(f08_1.o)(uCGUI_DEMO.lib)
    0x08011dd0   0x00000008   Data   RO         3044    .constdata          uCGUI_DEMO.lib(f08_1.o)(uCGUI_DEMO.lib)
    0x08011dd8   0x00000008   Data   RO         3045    .constdata          uCGUI_DEMO.lib(f08_1.o)(uCGUI_DEMO.lib)
    0x08011de0   0x00000008   Data   RO         3046    .constdata          uCGUI_DEMO.lib(f08_1.o)(uCGUI_DEMO.lib)
    0x08011de8   0x00000008   Data   RO         3047    .constdata          uCGUI_DEMO.lib(f08_1.o)(uCGUI_DEMO.lib)
    0x08011df0   0x00000008   Data   RO         3048    .constdata          uCGUI_DEMO.lib(f08_1.o)(uCGUI_DEMO.lib)
    0x08011df8   0x00000008   Data   RO         3049    .constdata          uCGUI_DEMO.lib(f08_1.o)(uCGUI_DEMO.lib)
    0x08011e00   0x00000008   Data   RO         3050    .constdata          uCGUI_DEMO.lib(f08_1.o)(uCGUI_DEMO.lib)
    0x08011e08   0x00000008   Data   RO         3051    .constdata          uCGUI_DEMO.lib(f08_1.o)(uCGUI_DEMO.lib)
    0x08011e10   0x00000008   Data   RO         3052    .constdata          uCGUI_DEMO.lib(f08_1.o)(uCGUI_DEMO.lib)
    0x08011e18   0x00000008   Data   RO         3053    .constdata          uCGUI_DEMO.lib(f08_1.o)(uCGUI_DEMO.lib)
    0x08011e20   0x00000008   Data   RO         3054    .constdata          uCGUI_DEMO.lib(f08_1.o)(uCGUI_DEMO.lib)
    0x08011e28   0x00000008   Data   RO         3055    .constdata          uCGUI_DEMO.lib(f08_1.o)(uCGUI_DEMO.lib)
    0x08011e30   0x00000008   Data   RO         3056    .constdata          uCGUI_DEMO.lib(f08_1.o)(uCGUI_DEMO.lib)
    0x08011e38   0x00000008   Data   RO         3057    .constdata          uCGUI_DEMO.lib(f08_1.o)(uCGUI_DEMO.lib)
    0x08011e40   0x00000008   Data   RO         3058    .constdata          uCGUI_DEMO.lib(f08_1.o)(uCGUI_DEMO.lib)
    0x08011e48   0x00000008   Data   RO         3059    .constdata          uCGUI_DEMO.lib(f08_1.o)(uCGUI_DEMO.lib)
    0x08011e50   0x00000008   Data   RO         3060    .constdata          uCGUI_DEMO.lib(f08_1.o)(uCGUI_DEMO.lib)
    0x08011e58   0x00000008   Data   RO         3061    .constdata          uCGUI_DEMO.lib(f08_1.o)(uCGUI_DEMO.lib)
    0x08011e60   0x00000008   Data   RO         3062    .constdata          uCGUI_DEMO.lib(f08_1.o)(uCGUI_DEMO.lib)
    0x08011e68   0x00000008   Data   RO         3063    .constdata          uCGUI_DEMO.lib(f08_1.o)(uCGUI_DEMO.lib)
    0x08011e70   0x00000008   Data   RO         3064    .constdata          uCGUI_DEMO.lib(f08_1.o)(uCGUI_DEMO.lib)
    0x08011e78   0x00000008   Data   RO         3065    .constdata          uCGUI_DEMO.lib(f08_1.o)(uCGUI_DEMO.lib)
    0x08011e80   0x00000008   Data   RO         3066    .constdata          uCGUI_DEMO.lib(f08_1.o)(uCGUI_DEMO.lib)
    0x08011e88   0x00000008   Data   RO         3067    .constdata          uCGUI_DEMO.lib(f08_1.o)(uCGUI_DEMO.lib)
    0x08011e90   0x00000008   Data   RO         3068    .constdata          uCGUI_DEMO.lib(f08_1.o)(uCGUI_DEMO.lib)
    0x08011e98   0x00000008   Data   RO         3069    .constdata          uCGUI_DEMO.lib(f08_1.o)(uCGUI_DEMO.lib)
    0x08011ea0   0x00000008   Data   RO         3070    .constdata          uCGUI_DEMO.lib(f08_1.o)(uCGUI_DEMO.lib)
    0x08011ea8   0x00000008   Data   RO         3071    .constdata          uCGUI_DEMO.lib(f08_1.o)(uCGUI_DEMO.lib)
    0x08011eb0   0x00000008   Data   RO         3072    .constdata          uCGUI_DEMO.lib(f08_1.o)(uCGUI_DEMO.lib)
    0x08011eb8   0x00000008   Data   RO         3073    .constdata          uCGUI_DEMO.lib(f08_1.o)(uCGUI_DEMO.lib)
    0x08011ec0   0x00000010   Data   RO         3074    .constdata          uCGUI_DEMO.lib(f08_1.o)(uCGUI_DEMO.lib)
    0x08011ed0   0x00000008   Data   RO         3075    .constdata          uCGUI_DEMO.lib(f08_1.o)(uCGUI_DEMO.lib)
    0x08011ed8   0x00000008   Data   RO         3076    .constdata          uCGUI_DEMO.lib(f08_1.o)(uCGUI_DEMO.lib)
    0x08011ee0   0x00000008   Data   RO         3077    .constdata          uCGUI_DEMO.lib(f08_1.o)(uCGUI_DEMO.lib)
    0x08011ee8   0x00000008   Data   RO         3078    .constdata          uCGUI_DEMO.lib(f08_1.o)(uCGUI_DEMO.lib)
    0x08011ef0   0x00000008   Data   RO         3079    .constdata          uCGUI_DEMO.lib(f08_1.o)(uCGUI_DEMO.lib)
    0x08011ef8   0x00000008   Data   RO         3080    .constdata          uCGUI_DEMO.lib(f08_1.o)(uCGUI_DEMO.lib)
    0x08011f00   0x00000008   Data   RO         3081    .constdata          uCGUI_DEMO.lib(f08_1.o)(uCGUI_DEMO.lib)
    0x08011f08   0x00000008   Data   RO         3082    .constdata          uCGUI_DEMO.lib(f08_1.o)(uCGUI_DEMO.lib)
    0x08011f10   0x00000008   Data   RO         3083    .constdata          uCGUI_DEMO.lib(f08_1.o)(uCGUI_DEMO.lib)
    0x08011f18   0x00000008   Data   RO         3084    .constdata          uCGUI_DEMO.lib(f08_1.o)(uCGUI_DEMO.lib)
    0x08011f20   0x00000008   Data   RO         3085    .constdata          uCGUI_DEMO.lib(f08_1.o)(uCGUI_DEMO.lib)
    0x08011f28   0x00000008   Data   RO         3086    .constdata          uCGUI_DEMO.lib(f08_1.o)(uCGUI_DEMO.lib)
    0x08011f30   0x00000008   Data   RO         3087    .constdata          uCGUI_DEMO.lib(f08_1.o)(uCGUI_DEMO.lib)
    0x08011f38   0x00000008   Data   RO         3088    .constdata          uCGUI_DEMO.lib(f08_1.o)(uCGUI_DEMO.lib)
    0x08011f40   0x00000008   Data   RO         3089    .constdata          uCGUI_DEMO.lib(f08_1.o)(uCGUI_DEMO.lib)
    0x08011f48   0x00000008   Data   RO         3090    .constdata          uCGUI_DEMO.lib(f08_1.o)(uCGUI_DEMO.lib)
    0x08011f50   0x00000008   Data   RO         3091    .constdata          uCGUI_DEMO.lib(f08_1.o)(uCGUI_DEMO.lib)
    0x08011f58   0x00000008   Data   RO         3092    .constdata          uCGUI_DEMO.lib(f08_1.o)(uCGUI_DEMO.lib)
    0x08011f60   0x00000008   Data   RO         3093    .constdata          uCGUI_DEMO.lib(f08_1.o)(uCGUI_DEMO.lib)
    0x08011f68   0x00000008   Data   RO         3094    .constdata          uCGUI_DEMO.lib(f08_1.o)(uCGUI_DEMO.lib)
    0x08011f70   0x00000008   Data   RO         3095    .constdata          uCGUI_DEMO.lib(f08_1.o)(uCGUI_DEMO.lib)
    0x08011f78   0x00000008   Data   RO         3096    .constdata          uCGUI_DEMO.lib(f08_1.o)(uCGUI_DEMO.lib)
    0x08011f80   0x00000008   Data   RO         3097    .constdata          uCGUI_DEMO.lib(f08_1.o)(uCGUI_DEMO.lib)
    0x08011f88   0x00000008   Data   RO         3098    .constdata          uCGUI_DEMO.lib(f08_1.o)(uCGUI_DEMO.lib)
    0x08011f90   0x00000008   Data   RO         3099    .constdata          uCGUI_DEMO.lib(f08_1.o)(uCGUI_DEMO.lib)
    0x08011f98   0x00000300   Data   RO         3100    .constdata          uCGUI_DEMO.lib(f08_1.o)(uCGUI_DEMO.lib)
    0x08012298   0x0000000c   Data   RO         3101    .constdata          uCGUI_DEMO.lib(f08_1.o)(uCGUI_DEMO.lib)
    0x080122a4   0x00000020   Data   RO         3102    .constdata          uCGUI_DEMO.lib(f08_1.o)(uCGUI_DEMO.lib)
    0x080122c4   0x0000000d   Data   RO         3115    .constdata          uCGUI_DEMO.lib(f13_ascii.o)(uCGUI_DEMO.lib)
    0x080122d1   0x0000000d   Data   RO         3116    .constdata          uCGUI_DEMO.lib(f13_ascii.o)(uCGUI_DEMO.lib)
    0x080122de   0x0000000d   Data   RO         3117    .constdata          uCGUI_DEMO.lib(f13_ascii.o)(uCGUI_DEMO.lib)
    0x080122eb   0x0000000d   Data   RO         3118    .constdata          uCGUI_DEMO.lib(f13_ascii.o)(uCGUI_DEMO.lib)
    0x080122f8   0x0000000d   Data   RO         3119    .constdata          uCGUI_DEMO.lib(f13_ascii.o)(uCGUI_DEMO.lib)
    0x08012305   0x0000001a   Data   RO         3120    .constdata          uCGUI_DEMO.lib(f13_ascii.o)(uCGUI_DEMO.lib)
    0x0801231f   0x0000000d   Data   RO         3121    .constdata          uCGUI_DEMO.lib(f13_ascii.o)(uCGUI_DEMO.lib)
    0x0801232c   0x0000000d   Data   RO         3122    .constdata          uCGUI_DEMO.lib(f13_ascii.o)(uCGUI_DEMO.lib)
    0x08012339   0x0000000d   Data   RO         3123    .constdata          uCGUI_DEMO.lib(f13_ascii.o)(uCGUI_DEMO.lib)
    0x08012346   0x0000000d   Data   RO         3124    .constdata          uCGUI_DEMO.lib(f13_ascii.o)(uCGUI_DEMO.lib)
    0x08012353   0x0000000d   Data   RO         3125    .constdata          uCGUI_DEMO.lib(f13_ascii.o)(uCGUI_DEMO.lib)
    0x08012360   0x0000000d   Data   RO         3126    .constdata          uCGUI_DEMO.lib(f13_ascii.o)(uCGUI_DEMO.lib)
    0x0801236d   0x0000000d   Data   RO         3127    .constdata          uCGUI_DEMO.lib(f13_ascii.o)(uCGUI_DEMO.lib)
    0x0801237a   0x0000000d   Data   RO         3128    .constdata          uCGUI_DEMO.lib(f13_ascii.o)(uCGUI_DEMO.lib)
    0x08012387   0x0000000d   Data   RO         3129    .constdata          uCGUI_DEMO.lib(f13_ascii.o)(uCGUI_DEMO.lib)
    0x08012394   0x0000000d   Data   RO         3130    .constdata          uCGUI_DEMO.lib(f13_ascii.o)(uCGUI_DEMO.lib)
    0x080123a1   0x0000000d   Data   RO         3131    .constdata          uCGUI_DEMO.lib(f13_ascii.o)(uCGUI_DEMO.lib)
    0x080123ae   0x0000000d   Data   RO         3132    .constdata          uCGUI_DEMO.lib(f13_ascii.o)(uCGUI_DEMO.lib)
    0x080123bb   0x0000000d   Data   RO         3133    .constdata          uCGUI_DEMO.lib(f13_ascii.o)(uCGUI_DEMO.lib)
    0x080123c8   0x0000000d   Data   RO         3134    .constdata          uCGUI_DEMO.lib(f13_ascii.o)(uCGUI_DEMO.lib)
    0x080123d5   0x0000000d   Data   RO         3135    .constdata          uCGUI_DEMO.lib(f13_ascii.o)(uCGUI_DEMO.lib)
    0x080123e2   0x0000000d   Data   RO         3136    .constdata          uCGUI_DEMO.lib(f13_ascii.o)(uCGUI_DEMO.lib)
    0x080123ef   0x0000000d   Data   RO         3137    .constdata          uCGUI_DEMO.lib(f13_ascii.o)(uCGUI_DEMO.lib)
    0x080123fc   0x0000000d   Data   RO         3138    .constdata          uCGUI_DEMO.lib(f13_ascii.o)(uCGUI_DEMO.lib)
    0x08012409   0x0000000d   Data   RO         3139    .constdata          uCGUI_DEMO.lib(f13_ascii.o)(uCGUI_DEMO.lib)
    0x08012416   0x0000000d   Data   RO         3140    .constdata          uCGUI_DEMO.lib(f13_ascii.o)(uCGUI_DEMO.lib)
    0x08012423   0x0000000d   Data   RO         3141    .constdata          uCGUI_DEMO.lib(f13_ascii.o)(uCGUI_DEMO.lib)
    0x08012430   0x0000000d   Data   RO         3142    .constdata          uCGUI_DEMO.lib(f13_ascii.o)(uCGUI_DEMO.lib)
    0x0801243d   0x0000000d   Data   RO         3143    .constdata          uCGUI_DEMO.lib(f13_ascii.o)(uCGUI_DEMO.lib)
    0x0801244a   0x0000000d   Data   RO         3144    .constdata          uCGUI_DEMO.lib(f13_ascii.o)(uCGUI_DEMO.lib)
    0x08012457   0x0000000d   Data   RO         3145    .constdata          uCGUI_DEMO.lib(f13_ascii.o)(uCGUI_DEMO.lib)
    0x08012464   0x0000000d   Data   RO         3146    .constdata          uCGUI_DEMO.lib(f13_ascii.o)(uCGUI_DEMO.lib)
    0x08012471   0x0000001a   Data   RO         3147    .constdata          uCGUI_DEMO.lib(f13_ascii.o)(uCGUI_DEMO.lib)
    0x0801248b   0x0000000d   Data   RO         3148    .constdata          uCGUI_DEMO.lib(f13_ascii.o)(uCGUI_DEMO.lib)
    0x08012498   0x0000000d   Data   RO         3149    .constdata          uCGUI_DEMO.lib(f13_ascii.o)(uCGUI_DEMO.lib)
    0x080124a5   0x0000000d   Data   RO         3150    .constdata          uCGUI_DEMO.lib(f13_ascii.o)(uCGUI_DEMO.lib)
    0x080124b2   0x0000000d   Data   RO         3151    .constdata          uCGUI_DEMO.lib(f13_ascii.o)(uCGUI_DEMO.lib)
    0x080124bf   0x0000000d   Data   RO         3152    .constdata          uCGUI_DEMO.lib(f13_ascii.o)(uCGUI_DEMO.lib)
    0x080124cc   0x0000000d   Data   RO         3153    .constdata          uCGUI_DEMO.lib(f13_ascii.o)(uCGUI_DEMO.lib)
    0x080124d9   0x0000000d   Data   RO         3154    .constdata          uCGUI_DEMO.lib(f13_ascii.o)(uCGUI_DEMO.lib)
    0x080124e6   0x0000000d   Data   RO         3155    .constdata          uCGUI_DEMO.lib(f13_ascii.o)(uCGUI_DEMO.lib)
    0x080124f3   0x0000000d   Data   RO         3156    .constdata          uCGUI_DEMO.lib(f13_ascii.o)(uCGUI_DEMO.lib)
    0x08012500   0x0000000d   Data   RO         3157    .constdata          uCGUI_DEMO.lib(f13_ascii.o)(uCGUI_DEMO.lib)
    0x0801250d   0x0000000d   Data   RO         3158    .constdata          uCGUI_DEMO.lib(f13_ascii.o)(uCGUI_DEMO.lib)
    0x0801251a   0x0000000d   Data   RO         3159    .constdata          uCGUI_DEMO.lib(f13_ascii.o)(uCGUI_DEMO.lib)
    0x08012527   0x0000000d   Data   RO         3160    .constdata          uCGUI_DEMO.lib(f13_ascii.o)(uCGUI_DEMO.lib)
    0x08012534   0x0000000d   Data   RO         3161    .constdata          uCGUI_DEMO.lib(f13_ascii.o)(uCGUI_DEMO.lib)
    0x08012541   0x0000000d   Data   RO         3162    .constdata          uCGUI_DEMO.lib(f13_ascii.o)(uCGUI_DEMO.lib)
    0x0801254e   0x0000000d   Data   RO         3163    .constdata          uCGUI_DEMO.lib(f13_ascii.o)(uCGUI_DEMO.lib)
    0x0801255b   0x0000000d   Data   RO         3164    .constdata          uCGUI_DEMO.lib(f13_ascii.o)(uCGUI_DEMO.lib)
    0x08012568   0x0000000d   Data   RO         3165    .constdata          uCGUI_DEMO.lib(f13_ascii.o)(uCGUI_DEMO.lib)
    0x08012575   0x0000000d   Data   RO         3166    .constdata          uCGUI_DEMO.lib(f13_ascii.o)(uCGUI_DEMO.lib)
    0x08012582   0x0000000d   Data   RO         3167    .constdata          uCGUI_DEMO.lib(f13_ascii.o)(uCGUI_DEMO.lib)
    0x0801258f   0x0000000d   Data   RO         3168    .constdata          uCGUI_DEMO.lib(f13_ascii.o)(uCGUI_DEMO.lib)
    0x0801259c   0x0000000d   Data   RO         3169    .constdata          uCGUI_DEMO.lib(f13_ascii.o)(uCGUI_DEMO.lib)
    0x080125a9   0x0000001a   Data   RO         3170    .constdata          uCGUI_DEMO.lib(f13_ascii.o)(uCGUI_DEMO.lib)
    0x080125c3   0x0000000d   Data   RO         3171    .constdata          uCGUI_DEMO.lib(f13_ascii.o)(uCGUI_DEMO.lib)
    0x080125d0   0x0000000d   Data   RO         3172    .constdata          uCGUI_DEMO.lib(f13_ascii.o)(uCGUI_DEMO.lib)
    0x080125dd   0x0000000d   Data   RO         3173    .constdata          uCGUI_DEMO.lib(f13_ascii.o)(uCGUI_DEMO.lib)
    0x080125ea   0x0000000d   Data   RO         3174    .constdata          uCGUI_DEMO.lib(f13_ascii.o)(uCGUI_DEMO.lib)
    0x080125f7   0x0000000d   Data   RO         3175    .constdata          uCGUI_DEMO.lib(f13_ascii.o)(uCGUI_DEMO.lib)
    0x08012604   0x0000000d   Data   RO         3176    .constdata          uCGUI_DEMO.lib(f13_ascii.o)(uCGUI_DEMO.lib)
    0x08012611   0x0000000d   Data   RO         3177    .constdata          uCGUI_DEMO.lib(f13_ascii.o)(uCGUI_DEMO.lib)
    0x0801261e   0x0000000d   Data   RO         3178    .constdata          uCGUI_DEMO.lib(f13_ascii.o)(uCGUI_DEMO.lib)
    0x0801262b   0x0000000d   Data   RO         3179    .constdata          uCGUI_DEMO.lib(f13_ascii.o)(uCGUI_DEMO.lib)
    0x08012638   0x0000000d   Data   RO         3180    .constdata          uCGUI_DEMO.lib(f13_ascii.o)(uCGUI_DEMO.lib)
    0x08012645   0x0000000d   Data   RO         3181    .constdata          uCGUI_DEMO.lib(f13_ascii.o)(uCGUI_DEMO.lib)
    0x08012652   0x0000000d   Data   RO         3182    .constdata          uCGUI_DEMO.lib(f13_ascii.o)(uCGUI_DEMO.lib)
    0x0801265f   0x0000000d   Data   RO         3183    .constdata          uCGUI_DEMO.lib(f13_ascii.o)(uCGUI_DEMO.lib)
    0x0801266c   0x0000000d   Data   RO         3184    .constdata          uCGUI_DEMO.lib(f13_ascii.o)(uCGUI_DEMO.lib)
    0x08012679   0x0000000d   Data   RO         3185    .constdata          uCGUI_DEMO.lib(f13_ascii.o)(uCGUI_DEMO.lib)
    0x08012686   0x0000000d   Data   RO         3186    .constdata          uCGUI_DEMO.lib(f13_ascii.o)(uCGUI_DEMO.lib)
    0x08012693   0x0000000d   Data   RO         3187    .constdata          uCGUI_DEMO.lib(f13_ascii.o)(uCGUI_DEMO.lib)
    0x080126a0   0x0000000d   Data   RO         3188    .constdata          uCGUI_DEMO.lib(f13_ascii.o)(uCGUI_DEMO.lib)
    0x080126ad   0x0000000d   Data   RO         3189    .constdata          uCGUI_DEMO.lib(f13_ascii.o)(uCGUI_DEMO.lib)
    0x080126ba   0x0000000d   Data   RO         3190    .constdata          uCGUI_DEMO.lib(f13_ascii.o)(uCGUI_DEMO.lib)
    0x080126c7   0x0000000d   Data   RO         3191    .constdata          uCGUI_DEMO.lib(f13_ascii.o)(uCGUI_DEMO.lib)
    0x080126d4   0x0000000d   Data   RO         3192    .constdata          uCGUI_DEMO.lib(f13_ascii.o)(uCGUI_DEMO.lib)
    0x080126e1   0x0000000d   Data   RO         3193    .constdata          uCGUI_DEMO.lib(f13_ascii.o)(uCGUI_DEMO.lib)
    0x080126ee   0x0000000d   Data   RO         3194    .constdata          uCGUI_DEMO.lib(f13_ascii.o)(uCGUI_DEMO.lib)
    0x080126fb   0x0000000d   Data   RO         3195    .constdata          uCGUI_DEMO.lib(f13_ascii.o)(uCGUI_DEMO.lib)
    0x08012708   0x0000000d   Data   RO         3196    .constdata          uCGUI_DEMO.lib(f13_ascii.o)(uCGUI_DEMO.lib)
    0x08012715   0x0000000d   Data   RO         3197    .constdata          uCGUI_DEMO.lib(f13_ascii.o)(uCGUI_DEMO.lib)
    0x08012722   0x0000000d   Data   RO         3198    .constdata          uCGUI_DEMO.lib(f13_ascii.o)(uCGUI_DEMO.lib)
    0x0801272f   0x0000000d   Data   RO         3199    .constdata          uCGUI_DEMO.lib(f13_ascii.o)(uCGUI_DEMO.lib)
    0x0801273c   0x0000000d   Data   RO         3200    .constdata          uCGUI_DEMO.lib(f13_ascii.o)(uCGUI_DEMO.lib)
    0x08012749   0x0000000d   Data   RO         3201    .constdata          uCGUI_DEMO.lib(f13_ascii.o)(uCGUI_DEMO.lib)
    0x08012756   0x0000000d   Data   RO         3202    .constdata          uCGUI_DEMO.lib(f13_ascii.o)(uCGUI_DEMO.lib)
    0x08012763   0x0000000d   Data   RO         3203    .constdata          uCGUI_DEMO.lib(f13_ascii.o)(uCGUI_DEMO.lib)
    0x08012770   0x0000000d   Data   RO         3204    .constdata          uCGUI_DEMO.lib(f13_ascii.o)(uCGUI_DEMO.lib)
    0x0801277d   0x0000000d   Data   RO         3205    .constdata          uCGUI_DEMO.lib(f13_ascii.o)(uCGUI_DEMO.lib)
    0x0801278a   0x0000000d   Data   RO         3206    .constdata          uCGUI_DEMO.lib(f13_ascii.o)(uCGUI_DEMO.lib)
    0x08012797   0x0000000d   Data   RO         3207    .constdata          uCGUI_DEMO.lib(f13_ascii.o)(uCGUI_DEMO.lib)
    0x080127a4   0x0000000d   Data   RO         3208    .constdata          uCGUI_DEMO.lib(f13_ascii.o)(uCGUI_DEMO.lib)
    0x080127b1   0x0000000d   Data   RO         3209    .constdata          uCGUI_DEMO.lib(f13_ascii.o)(uCGUI_DEMO.lib)
    0x080127be   0x00000002   PAD
    0x080127c0   0x000002f8   Data   RO         3210    .constdata          uCGUI_DEMO.lib(f13_ascii.o)(uCGUI_DEMO.lib)
    0x08012ab8   0x0000000c   Data   RO         3211    .constdata          uCGUI_DEMO.lib(f13_ascii.o)(uCGUI_DEMO.lib)
    0x08012ac4   0x00000020   Data   RO         3242    .constdata          uCGUI_DEMO.lib(guidev_16.o)(uCGUI_DEMO.lib)
    0x08012ae4   0x00000040   Data   RO         3243    .constdata          uCGUI_DEMO.lib(guidev_16.o)(uCGUI_DEMO.lib)
    0x08012b24   0x00000018   Data   RO         3335    .constdata          uCGUI_DEMO.lib(widget_effect_3d.o)(uCGUI_DEMO.lib)
    0x08012b3c   0x00000100   Data   RO         3733    .constdata          uCGUI_DEMO.lib(lcd_mirror.o)(uCGUI_DEMO.lib)
    0x08012c3c   0x000002f8   Data   RO         3745    .constdata          uCGUI_DEMO.lib(f08_ascii.o)(uCGUI_DEMO.lib)
    0x08012f34   0x000002f8   Data   RO         3746    .constdata          uCGUI_DEMO.lib(f08_ascii.o)(uCGUI_DEMO.lib)
    0x0801322c   0x0000000c   Data   RO         3747    .constdata          uCGUI_DEMO.lib(f08_ascii.o)(uCGUI_DEMO.lib)
    0x08013238   0x00000018   Data   RO         3778    .constdata          uCGUI_DEMO.lib(guidev_usagebm.o)(uCGUI_DEMO.lib)
    0x08013250   0x00000084   Data   RO          124    .conststring        fun.o
    0x080132d4   0x00000020   Data   RO         4085    Region$$Table       anon$$obj.o


    Execution Region RW_IRAM1 (Base: 0x20000000, Size: 0x00004890, Max: 0x00010000, ABSOLUTE, COMPRESSED[0x0000007c])

    Base Addr    Size         Type   Attr      Idx    E Section Name        Object

    0x20000000   0x0000001c   Data   RW          125    .data               fun.o
    0x2000001c   0x00000022   Data   RW          290    .data               nrf24l01.o
    0x2000003e   0x00000002   PAD
    0x20000040   0x00000014   Data   RW          451    .data               system_stm32f10x.o
    0x20000054   0x00000014   Data   RW          529    .data               stm32f10x_rcc.o
    0x20000068   0x00000030   Data   RW          577    .data               os_core.o
    0x20000098   0x00000011   Data   RW          748    .data               gui_x_ucos.o
    0x200000a9   0x00000003   PAD
    0x200000ac   0x00000034   Data   RW          818    .data               uCGUI_DEMO.lib(gui_touch_driveranalog.o)(uCGUI_DEMO.lib)
    0x200000e0   0x00000001   Data   RW          895    .data               uCGUI_DEMO.lib(guicore.o)(uCGUI_DEMO.lib)
    0x200000e1   0x00000003   PAD
    0x200000e4   0x00000004   Data   RW          896    .data               uCGUI_DEMO.lib(guicore.o)(uCGUI_DEMO.lib)
    0x200000e8   0x00000004   Data   RW          897    .data               uCGUI_DEMO.lib(guicore.o)(uCGUI_DEMO.lib)
    0x200000ec   0x00000004   Data   RW          898    .data               uCGUI_DEMO.lib(guicore.o)(uCGUI_DEMO.lib)
    0x200000f0   0x00000004   Data   RW          899    .data               uCGUI_DEMO.lib(guicore.o)(uCGUI_DEMO.lib)
    0x200000f4   0x00000004   Data   RW          900    .data               uCGUI_DEMO.lib(guicore.o)(uCGUI_DEMO.lib)
    0x200000f8   0x00000004   Data   RW          901    .data               uCGUI_DEMO.lib(guicore.o)(uCGUI_DEMO.lib)
    0x200000fc   0x00000030   Data   RW          929    .data               uCGUI_DEMO.lib(guicurs.o)(uCGUI_DEMO.lib)
    0x2000012c   0x00000020   Data   RW         1185    .data               uCGUI_DEMO.lib(button.o)(uCGUI_DEMO.lib)
    0x2000014c   0x00000004   Data   RW         1263    .data               uCGUI_DEMO.lib(dialog.o)(uCGUI_DEMO.lib)
    0x20000150   0x0000001c   Data   RW         1308    .data               uCGUI_DEMO.lib(edit.o)(uCGUI_DEMO.lib)
    0x2000016c   0x00000028   Data   RW         1435    .data               uCGUI_DEMO.lib(wm.o)(uCGUI_DEMO.lib)
    0x20000194   0x00000001   Data   RW         1436    .data               uCGUI_DEMO.lib(wm.o)(uCGUI_DEMO.lib)
    0x20000195   0x00000003   PAD
    0x20000198   0x00000010   Data   RW         1742    .data               uCGUI_DEMO.lib(gui_onkey.o)(uCGUI_DEMO.lib)
    0x200001a8   0x00000008   Data   RW         1839    .data               uCGUI_DEMO.lib(gui_touch_storeunstable.o)(uCGUI_DEMO.lib)
    0x200001b0   0x00000001   Data   RW         1885    .data               uCGUI_DEMO.lib(guialloc.o)(uCGUI_DEMO.lib)
    0x200001b1   0x00000003   PAD
    0x200001b4   0x00000004   Data   RW         1951    .data               uCGUI_DEMO.lib(lcd_api.o)(uCGUI_DEMO.lib)
    0x200001b8   0x00000024   Data   RW         2371    .data               uCGUI_DEMO.lib(framewin.o)(uCGUI_DEMO.lib)
    0x200001dc   0x00000008   Data   RW         2414    .data               uCGUI_DEMO.lib(text.o)(uCGUI_DEMO.lib)
    0x200001e4   0x00000004   Data   RW         2431    .data               uCGUI_DEMO.lib(widget.o)(uCGUI_DEMO.lib)
    0x200001e8   0x00000010   Data   RW         2609    .data               uCGUI_DEMO.lib(wmtouch.o)(uCGUI_DEMO.lib)
    0x200001f8   0x00000004   Data   RW         2765    .data               uCGUI_DEMO.lib(gui_fillpolygon.o)(uCGUI_DEMO.lib)
    0x200001fc   0x00000004   Data   RW         3586    .data               uCGUI_DEMO.lib(wm_setcapturemove.o)(uCGUI_DEMO.lib)
    0x20000200   0x00000e00   Zero   RW            2    .bss                app.o
    0x20001000   0x00000072   Zero   RW          122    .bss                fun.o
    0x20001072   0x00000060   Zero   RW          289    .bss                nrf24l01.o
    0x200010d2   0x00000002   PAD
    0x200010d4   0x0000075c   Zero   RW          575    .bss                os_core.o
    0x20001830   0x00000060   Zero   RW          893    .bss                uCGUI_DEMO.lib(guicore.o)(uCGUI_DEMO.lib)
    0x20001890   0x0000000c   Zero   RW         1433    .bss                uCGUI_DEMO.lib(wm.o)(uCGUI_DEMO.lib)
    0x2000189c   0x00000018   Zero   RW         1434    .bss                uCGUI_DEMO.lib(wm.o)(uCGUI_DEMO.lib)
    0x200018b4   0x0000253c   Zero   RW         1884    .bss                uCGUI_DEMO.lib(guialloc.o)(uCGUI_DEMO.lib)
    0x20003df0   0x00000018   Zero   RW         2764    .bss                uCGUI_DEMO.lib(gui_fillpolygon.o)(uCGUI_DEMO.lib)
    0x20003e08   0x0000000c   Zero   RW         2851    .bss                uCGUI_DEMO.lib(gui_pid.o)(uCGUI_DEMO.lib)
    0x20003e14   0x0000000c   Zero   RW         2901    .bss                uCGUI_DEMO.lib(gui_touch_storestate.o)(uCGUI_DEMO.lib)
    0x20003e20   0x00000200   Zero   RW         2962    .bss                uCGUI_DEMO.lib(lcdcolor.o)(uCGUI_DEMO.lib)
    0x20004020   0x0000000c   Zero   RW         3708    .bss                uCGUI_DEMO.lib(gui_touch.o)(uCGUI_DEMO.lib)
    0x2000402c   0x00000060   Zero   RW         3959    .bss                c_w.l(libspace.o)(c_w.l)
    0x2000408c   0x00000004   PAD
    0x20004090   0x00000400   Zero   RW          567    HEAP                stm32f10x_startup.o
    0x20004490   0x00000400   Zero   RW          566    STACK               stm32f10x_startup.o


==============================================================================

Image component sizes


      Code (inc. data)   RO Data    RW Data    ZI Data      Debug   Object Name

       228         28          0          0       3584          0   app.o
       404         38          0          0          0          0   bsp.o
         0          0          0          0          0          0   core_cm3.o
        22          0          0          0          0          0   cpu_a.o
       248         10          0          0          0          0   fsmc_sram.o
      2688        382       1188         28        114          0   fun.o
       308          6         40          0          0          0   gui_x_touch.o
       280         24          0         17          0          0   gui_x_ucos.o
       308         10       1536          0          0          0   lcd.o
      1144          0          0          0          0          0   lcd_api.o
       432         18          0          0          0          0   lcd_touch.o
      2544         44          0          0          0          0   lcd_ucgui.o
       544         10          0          0          0          0   lcdrv.o
       248         30          0          0          0          0   misc.o
      1098         50          0         34         96          0   nrf24l01.o
      2220        146        256         48       1884          0   os_core.o
       168         40          0          0          0          0   os_cpu_a.o
       172          0          0          0          0          0   os_cpu_c.o
      1008         16          0          0          0          0   os_mbox.o
       948         18          0          0          0          0   os_sem.o
      1908         64          0          0          0          0   os_task.o
       456         26          0          0          0          0   os_time.o
       316         28          0          0          0          0   stm32f10x_exti.o
      1552         52          0          0          0          0   stm32f10x_fsmc.o
       856         40          0          0          0          0   stm32f10x_gpio.o
      1160        460          0          0          0          0   stm32f10x_it.o
       932         52          0         20          0          0   stm32f10x_rcc.o
       784         12          0          0          0          0   stm32f10x_spi.o
       308        280          0          0       2048          0   stm32f10x_startup.o
       444         32          0         20          0          0   system_stm32f10x.o

    ----------------------------------------------------------------------
     23732       1916       3052        172       7728          0   Object Totals
         0          0         32          0          0          0   (incl. Generated)
         4          0          0          5          2          3   (incl. Padding)

    ----------------------------------------------------------------------

      Code (inc. data)   RO Data    RW Data    ZI Data      Debug   Library Member Name

        90          0          0          0          0          0   __dczerorl2.o
         8          0          0          0          0          0   __main.o
        52          8          0          0          0          0   __scatter.o
        28          0          0          0          0          0   __scatter_zi.o
        16          0          0          0          0          0   aeabi_memset.o
        12          0          0          0          0          0   exit.o
         6          0          0          0          0          0   heapauxi.o
         6          0          0          0          0          0   libinit.o
         2          0          0          0          0          0   libinit2.o
         2          0          0          0          0          0   libshutdown.o
         2          0          0          0          0          0   libshutdown2.o
         8          4          0          0         96          0   libspace.o
        78          0          0          0          0          0   memcmp.o
        12          4          0          0          0          0   rt_fp_status_addr_intlibspace.o
        68          0          0          0          0          0   rt_memclr.o
        78          0          0          0          0          0   rt_memclr_w.o
       138          0          0          0          0          0   rt_memcpy_v6.o
       100          0          0          0          0          0   rt_memcpy_w.o
       132          0          0          0          0          0   rt_memmove_v6.o
       122          0          0          0          0          0   rt_memmove_w.o
         0          0          0          0          0          0   rtentry.o
        12          0          0          0          0          0   rtentry2.o
         6          0          0          0          0          0   rtentry4.o
         2          0          0          0          0          0   rtexit.o
        10          0          0          0          0          0   rtexit2.o
        24          0          0          0          0          0   strcat.o
        72          0          0          0          0          0   strcpy.o
        62          0          0          0          0          0   strlen.o
        12          4          0          0          0          0   sys_exit.o
        74          0          0          0          0          0   sys_stackheap_outer.o
         2          0          0          0          0          0   use_no_semi.o
        14          0          0          0          0          0   fpinit.o
       728          4          0         32          0          0   button.o
        60          0          0          0          0          0   button_createindirect.o
       260          4          0          4          0          0   dialog.o
      1996         10          0         28          0          0   edit.o
        72          0          0          0          0          0   edit_createindirect.o
         0          0       1588          0          0          0   f08_1.o
         0          0       1532          0          0          0   f08_ascii.o
         0          0       2151          0          0          0   f13_1.o
         0          0       2046          0          0          0   f13_ascii.o
         0          0       1812          0          0          0   f6x8.o
         0          0       2072          0          0          0   f8x13_1.o
         0          0       2016          0          0          0   f8x13_ascii.o
         0          0       4336          0          0          0   fcomic18b_1.o
         0          0       3530          0          0          0   fcomic18b_ascii.o
      1628         16          0         36          0          0   framewin.o
       212          0          0          0          0          0   framewin__updatebuttons.o
        64          0          0          0          0          0   framewin_createindirect.o
       150          0          0          0          0          0   framewin_setcolors.o
        54          0          0          0          0          0   framewin_setfont.o
      1416         18         68          0          0          0   gui2dlib.o
       160          0          0          0          0          0   gui__calctextrect.o
        16          4          0          0          0          0   gui__getfontsizey.o
        26          0          0          0          0          0   gui__getnumchars.o
        22          0          0          0          0          0   gui__handleeoline.o
        58          0          0          0          0          0   gui__intersectrect.o
        82          0          0          0          0          0   gui__intersectrects.o
        76          0          0          0          0          0   gui__memset.o
        58          0          0          0          0          0   gui__memset16.o
        26          0          0          0          0          0   gui__reducerect.o
        66          0          0          0          0          0   gui__settext.o
        68          6          0          0          0          0   gui__strcmp.o
        20          0          0          0          0          0   gui__strlen.o
        30          0          0          0          0          0   gui_alloc_alloczero.o
        20          0          0          0          0          0   gui_clearrectex.o
         0          0         32          0          0          0   gui_cursorarrowm.o
         0          0         60          0          0          0   gui_cursorarrowmpx.o
         0          0         24          0          0          0   gui_cursorpal.o
       232          4          0          0          0          0   gui_dispstring.o
        16          6          0          0          0          0   gui_dispstringat.o
       392          6          0          0          0          0   gui_dispstringinrect.o
        74          0          0          0          0          0   gui_draw.o
       152          4          0          0          0          0   gui_drawfocusrect.o
        68          4          0          0          0          0   gui_drawhline.o
        64          6          0          0          0          0   gui_drawvline.o
        52          4          0          0          0          0   gui_exec.o
       552         12          0          4         24          0   gui_fillpolygon.o
        72          6          0          0          0          0   gui_fillrect.o
        20          0          0          0          0          0   gui_fillrectex.o
       138          0          0          0          0          0   gui_getbitmappixelindex.o
        10          0          0          0          0          0   gui_getclientrect.o
        36          0          0          0          0          0   gui_getcolor.o
         4          0          0          0          0          0   gui_getfontsizey.o
        20          0          0          0          0          0   gui_getstringdistx.o
        16          0          0          0          0          0   gui_getysizeoffont.o
        32          6          0          0          0          0   gui_goto.o
        92          4          0          0          0          0   gui_invertrect.o
        90          0          0          0          0          0   gui_mergerect.o
        30          0          0          0          0          0   gui_moverect.o
       124          4          0         16          0          0   gui_onkey.o
        36          4          0          0          0          0   gui_pen.o
        64         14          0          0         12          0   gui_pid.o
        56          0          0          0          0          0   gui_rectsintersect.o
        24          6          0          0          0          0   gui_savecontext.o
        18          0          0          0          0          0   gui_selectlcd.o
         8          0          0          0          0          0   gui_setcolor.o
        64          6          0          0          0          0   gui_setdefault.o
         4          0          0          0          0          0   gui_setdrawmode.o
        16          4          0          0          0          0   gui_setfont.o
        16          6          0          0          0          0   gui_setlinestyle.o
        16          4          0          0          0          0   gui_settextalign.o
        16          4          0          0          0          0   gui_settextmode.o
        60          4          0          0         12          0   gui_touch.o
       348          4          0         52          0          0   gui_touch_driveranalog.o
        32          4          0          0         12          0   gui_touch_storestate.o
        56          6          0          8          0          0   gui_touch_storeunstable.o
       148          4          0          0          0          0   gui_uc.o
        36         10         16          0          0          0   gui_uc_encodenone.o
       736         18          0          1       9532          0   guialloc.o
       128          8          0          0          0          0   guichar.o
       328         12          0          0          0          0   guicharline.o
       348          6          0          0          0          0   guicharm.o
       264          4          0          0          0          0   guicharp.o
       964          6          0          0          0          0   guicirc.o
       236         26          8         25         96          0   guicore.o
      1280         38          0         48          0          0   guicurs.o
       912         12          0          0          0          0   guidev.o
      1888         18         96          0          0          0   guidev_16.o
       242          0          0          0          0          0   guidev_banding.o
        48          6          0          0          0          0   guidev_clear.o
        32          6          0          0          0          0   guidev_getysize.o
        36          4          0          0          0          0   guidev_reduceysize.o
        80          6          0          0          0          0   guidev_setorg.o
        92          4          0          0          0          0   guidev_usage.o
       412          4         24          0          0          0   guidev_usagebm.o
        70          0          0          0          0          0   guirealloc.o
       860          8          0          0          0          0   lcd.o
         0          0         64          4          0          0   lcd_api.o
        60          4          0          0          0          0   lcd_drawvline.o
        16          4          0          0          0          0   lcd_getcolorindex.o
        30          0          0          0          0          0   lcd_l0_generic.o
         0          0        256          0          0          0   lcd_mirror.o
        32         10          0          0          0          0   lcd_selectlcd.o
        32          6          0          0          0          0   lcd_setcliprectex.o
        32          4          0          0          0          0   lcd_updatecolorindices.o
        60          4          0          0        512          0   lcdcolor.o
        44          0          0          0          0          0   lcdinfo0.o
        28          0          0          0          0          0   lcdpm565.o
        52          0          0          0          0          0   lcdpm565_index2color.o
       288          8          0          8          0          0   text.o
        58          0          0          0          0          0   text_createindirect.o
        28          0          0          0          0          0   text_setfont.o
        38          0          0          0          0          0   text_settext.o
        28          0          0          0          0          0   text_settextcolor.o
       956          4          0          4          0          0   widget.o
       424         18         24          0          0          0   widget_effect_3d.o
       256          4          0          0          0          0   widget_fillstringinrect.o
      3388         64          0         41         36          0   wm.o
        54          0          0          0          0          0   wm__foreachdesc.o
        20          0          0          0          0          0   wm__getfirstsibling.o
        32          6          0          0          0          0   wm__getfocussedchild.o
        40          0          0          0          0          0   wm__getprevsibling.o
        44          0          0          0          0          0   wm__isancestor.o
        28          0          0          0          0          0   wm__ischild.o
        20          0          0          0          0          0   wm__isenabled.o
        32          0          0          0          0          0   wm__sendmessage.o
        28          0          0          0          0          0   wm__sendmessageifenabled.o
        42          0          0          0          0          0   wm__sendmessagenopara.o
       230          0          0          0          0          0   wm__updatechildpositions.o
        68          0          0          0          0          0   wm_bringtobottom.o
        88          6          0          0          0          0   wm_bringtotop.o
        52          4          0          0          0          0   wm_criticalhandle.o
         4          0          0          0          0          0   wm_foreachdesc.o
        24          0          0          0          0          0   wm_getbkcolor.o
        56         10          0          0          0          0   wm_getclientrect.o
        22          0          0          0          0          0   wm_getclientwindow.o
        12          4          0          0          0          0   wm_getdesktopwindow.o
        74          0          0          0          0          0   wm_getdialogitem.o
        16          0          0          0          0          0   wm_getfirstchild.o
        16          0          0          0          0          0   wm_getid.o
        16          0          0          0          0          0   wm_getparent.o
        84          8          0          0          0          0   wm_getwindowrect.o
        86          0          0          0          0          0   wm_getwindowsize.o
        24          6          0          0          0          0   wm_hascaptured.o
        28          0          0          0          0          0   wm_isfocussable.o
         4          0          0          0          0          0   wm_iswindow.o
       204          0          0          0          0          0   wm_move.o
        74          0          0          0          0          0   wm_movechildto.o
        16          0          0          0          0          0   wm_notifyparent.o
        48          4          0          0          0          0   wm_onkey.o
       206          0          0          0          0          0   wm_resizewindow.o
       156          6          0          0          0          0   wm_screen2win.o
         4          0          0          0          0          0   wm_sendmessagenopara.o
        32          0          0          0          0          0   wm_sendtoparent.o
        68          8          0          0          0          0   wm_setcapture.o
       144          6          0          4          0          0   wm_setcapturemove.o
       152          4          0          0          0          0   wm_setfocus.o
       110          0          0          0          0          0   wm_setfocusonnextchild.o
        24          0          0          0          0          0   wm_setscrollstate.o
        56          0          0          0          0          0   wm_setsize.o
       116          4          0          0          0          0   wm_settrans.o
        20          4          0          0          0          0   wm_setusercliprect.o
        80          0          0          0          0          0   wm_show.o
        42          0          0          0          0          0   wmmemdev.o
       484         18          0         16          0          0   wmtouch.o

    ----------------------------------------------------------------------
     30036        642      21760        340      10336          0   Library Totals
        28          0          5          9          4          0   (incl. Padding)

    ----------------------------------------------------------------------

      Code (inc. data)   RO Data    RW Data    ZI Data      Debug   Library Name

      1236         20          0          0         96       1452   c_w.l
        14          0          0          0          0         76   fz_ws.l
     28758        622      21755        331      10236     448598   uCGUI_DEMO.lib

    ----------------------------------------------------------------------
     30036        642      21760        340      10336          0   Library Totals

    ----------------------------------------------------------------------

==============================================================================


      Code (inc. data)   RO Data    RW Data    ZI Data      Debug   

     53768       2558      24812        512      18064     844840   Grand Totals
     53768       2558      24812        124      18064     844840   ELF Image Totals (compressed)
     53768       2558      24812        124          0          0   ROM Totals

==============================================================================

    Total RO  Size (Code + RO Data)                78580 (  76.74kB)
    Total RW  Size (RW Data + ZI Data)             18576 (  18.14kB)
    Total ROM Size (Code + RO Data + RW Data)      78704 (  76.86kB)

==============================================================================

